
PROGRAM "C:\GWYNE64\FW_GWYNE64\FW_GWYNE64_AIO\MOD\bin\FW_GWYNE64_AIO.abs"

*********************************************************************************************
TARGET SECTION
---------------------------------------------------------------------------------------------
Processor   : Motorola HC12
Memory Model: BANKED
File Format : ELF\Dwarf 2.0
Linker      : SmartLinker V-5.0.22 Build 4047, Feb 17 2004

*********************************************************************************************
FILE SECTION
---------------------------------------------------------------------------------------------
CTYPE.C.o (ansibf.lib)                  Model: BANKED,        Lang: ANSI-C
MATH.C.o (ansibf.lib)                   Model: BANKED,        Lang: ANSI-C
PRINTF.C.o (ansibf.lib)                 Model: BANKED,        Lang: ANSI-C
STDLIB.C.o (ansibf.lib)                 Model: BANKED,        Lang: ANSI-C
STRING.C.o (ansibf.lib)                 Model: BANKED,        Lang: ANSI-C
DADD.C.o (ansibf.lib)                   Model: BANKED,        Lang: ANSI-C
DANSI.C.o (ansibf.lib)                  Model: BANKED,        Lang: ANSI-C
DCMP.C.o (ansibf.lib)                   Model: BANKED,        Lang: ANSI-C
DCONV.C.o (ansibf.lib)                  Model: BANKED,        Lang: ANSI-C
DMUL.C.o (ansibf.lib)                   Model: BANKED,        Lang: ANSI-C
DREGS.C.o (ansibf.lib)                  Model: BANKED,        Lang: ANSI-C
FADD.C.o (ansibf.lib)                   Model: BANKED,        Lang: ANSI-C
FCMP.C.o (ansibf.lib)                   Model: BANKED,        Lang: ANSI-C
FCONV.C.o (ansibf.lib)                  Model: BANKED,        Lang: ANSI-C
FMUL.C.o (ansibf.lib)                   Model: BANKED,        Lang: ANSI-C
FREGS.C.o (ansibf.lib)                  Model: BANKED,        Lang: ANSI-C
rtshc12.c.o (ansibf.lib)                Model: BANKED,        Lang: ANSI-C
VREGS.C.o (ansibf.lib)                  Model: BANKED,        Lang: ANSI-C
datapage.c.o                            Model: BANKED,        Lang: ANSI-C
Start12.c.o                             Model: BANKED,        Lang: ANSI-C
dSCIA.c.o                               Model: BANKED,        Lang: ANSI-C
sVectors.c.o                            Model: BANKED,        Lang: ANSI-C
Main.c.o                                Model: BANKED,        Lang: ANSI-C
sAuxFun.c.o                             Model: BANKED,        Lang: ANSI-C
sTimer.c.o                              Model: BANKED,        Lang: ANSI-C
sMemo.c.o                               Model: BANKED,        Lang: ANSI-C
dSPI.c.o                                Model: BANKED,        Lang: ANSI-C
dGPIO.c.o                               Model: BANKED,        Lang: ANSI-C
dSCIB.c.o                               Model: BANKED,        Lang: ANSI-C
dIIC.c.o                                Model: BANKED,        Lang: ANSI-C
pConfig.c.o                             Model: BANKED,        Lang: ANSI-C
sDebug.c.o                              Model: BANKED,        Lang: ANSI-C
address.c.o                             Model: BANKED,        Lang: ANSI-C
Init.c.o                                Model: BANKED,        Lang: ANSI-C
mBuf.c.o                                Model: BANKED,        Lang: ANSI-C
os.c.o                                  Model: BANKED,        Lang: ANSI-C
RTI.c.o                                 Model: BANKED,        Lang: ANSI-C
system.c.o                              Model: BANKED,        Lang: ANSI-C
timers.c.o                              Model: BANKED,        Lang: ANSI-C
arp.c.o                                 Model: BANKED,        Lang: ANSI-C
http_server.c.o                         Model: BANKED,        Lang: ANSI-C
https_callbacks.c.o                     Model: BANKED,        Lang: ANSI-C
icmp.c.o                                Model: BANKED,        Lang: ANSI-C
ip.c.o                                  Model: BANKED,        Lang: ANSI-C
tcp.c.o                                 Model: BANKED,        Lang: ANSI-C
tftps.c.o                               Model: BANKED,        Lang: ANSI-C
udp.c.o                                 Model: BANKED,        Lang: ANSI-C
MC9S12NE64.c.o                          Model: BANKED,        Lang: ANSI-C
ne64api.c.o                             Model: BANKED,        Lang: ANSI-C
ne64driver.c.o                          Model: BANKED,        Lang: ANSI-C
dTcpSrv.c.o                             Model: BANKED,        Lang: ANSI-C
pNexoModbusTcpRtu.c.o                   Model: BANKED,        Lang: ANSI-C
pModbusSlaveTCP.c.o                     Model: BANKED,        Lang: ANSI-C
pModbusSlaveRTU.c.o                     Model: BANKED,        Lang: ANSI-C
wAjaxLogs.c.o                           Model: BANKED,        Lang: ANSI-C
wAjaxModbus.c.o                         Model: BANKED,        Lang: ANSI-C
wAjaxCommon.c.o                         Model: BANKED,        Lang: ANSI-C
wAjaxTools.c.o                          Model: BANKED,        Lang: ANSI-C
sQueue.c.o                              Model: BANKED,        Lang: ANSI-C
dUdpDebug.c.o                           Model: BANKED,        Lang: ANSI-C
wAjaxEvents.c.o                         Model: BANKED,        Lang: ANSI-C

*********************************************************************************************
STARTUP SECTION
---------------------------------------------------------------------------------------------
Entry point: 0x4035 (_Startup)
_startupData is allocated at 0x4050 and uses 24 Bytes
extern struct _tagStartup {
  unsigned flags          0
  _PFunc   main           0x6995    (main)
  long     stackOffset    0x3FFF
  unsigned nofZeroOut     1
  _Range   pZeroOut       0x2600     5498
  _Copy    *toCopyDownBeg 0xCAE3
  int      nofLibInits    0
  _LibInit *libInits      0x406D
  int      nofInitBodies  0
  _Cpp     *initBodies    0x406F
  int      nofFiniBodies  0
  _Cpp     *finiBodies    0x406F
} _startupData;

*********************************************************************************************
SECTION-ALLOCATION SECTION
Section Name                    Size  Type     From       To       Segment
---------------------------------------------------------------------------------------------
.init                             80     R     0x4000     0x404F   ROM_4000
.startData                        31     R     0x4050     0x406E   ROM_4000
.rodata                         1957     R     0x406F     0x4813   ROM_4000
.rodata1                        3285     R     0x4814     0x54E8   ROM_4000
NON_BANKED                     10936     R     0x54E9     0x7FA0   ROM_4000
.copy                             10     R     0xCAE3     0xCAEC   ROM_C000
.text                          15991     R   0x3C8080   0x3CBEF6   PAGE_3C
.data                              3   R/W     0x2600     0x2602   RAM
VERSION_ROM                      100     R   0x3C8000   0x3C8063   ROM_VER
.abs_section_ef80                128     R     0xEF80     0xEFFF   .absSeg0
.abs_section_3f                    1   N/I       0x3F       0x3F   .absSeg1
.abs_section_86                    1   N/I       0x86       0x86   .absSeg2
.abs_section_8b                    1   N/I       0x8B       0x8B   .absSeg3
.abs_section_8a                    1   N/I       0x8A       0x8A   .absSeg4
.abs_section_89                    1   N/I       0x89       0x89   .absSeg5
.abs_section_41                    1   N/I       0x41       0x41   .absSeg6
.abs_section_39                    1   N/I       0x39       0x39   .absSeg7
.abs_section_3c                    1   N/I       0x3C       0x3C   .absSeg8
.abs_section_37                    1   N/I       0x37       0x37   .absSeg9
.abs_section_38                    1   N/I       0x38       0x38   .absSeg10
.abs_section_20                    1   N/I       0x20       0x20   .absSeg11
.abs_section_28                    1   N/I       0x28       0x28   .absSeg12
.abs_section_29                    1   N/I       0x29       0x29   .absSeg13
.abs_section_2a                    1   N/I       0x2A       0x2A   .absSeg14
.abs_section_2d                    1   N/I       0x2D       0x2D   .absSeg15
.abs_section_25                    1   N/I       0x25       0x25   .absSeg16
.abs_section_24                    1   N/I       0x24       0x24   .absSeg17
.abs_section_21                    1   N/I       0x21       0x21   .absSeg18
.abs_section_9                     1   N/I        0x9        0x9   .absSeg19
.abs_section_252                   1   N/I      0x252      0x252   .absSeg20
.abs_section_25a                   1   N/I      0x25A      0x25A   .absSeg21
.abs_section_262                   1   N/I      0x262      0x262   .absSeg22
.abs_section_33                    1   N/I       0x33       0x33   .absSeg23
.abs_section_26a                   1   N/I      0x26A      0x26A   .absSeg24
.abs_section_24a                   1   N/I      0x24A      0x24A   .absSeg25
.abs_section_242                   1   N/I      0x242      0x242   .absSeg26
.abs_section_e                     1   N/I        0xE        0xE   .absSeg27
.abs_section_120                   1   N/I      0x120      0x120   .absSeg28
.abs_section_121                   1   N/I      0x121      0x121   .absSeg29
.abs_section_122                   1   N/I      0x122      0x122   .absSeg30
.abs_section_145                   1   N/I      0x145      0x145   .absSeg31
.abs_section_100                   1   N/I      0x100      0x100   .absSeg32
.abs_section_106                   1   N/I      0x106      0x106   .absSeg33
.abs_section_103                   1   N/I      0x103      0x103   .absSeg34
.abs_section_104                   1   N/I      0x104      0x104   .absSeg35
.abs_section_101                   1   N/I      0x101      0x101   .absSeg36
.abs_section_105                   1   N/I      0x105      0x105   .absSeg37
.abs_section_1f                    1   N/I       0x1F       0x1F   .absSeg38
.abs_section_e0                    1   N/I       0xE0       0xE0   .absSeg39
.abs_section_e2                    1   N/I       0xE2       0xE2   .absSeg40
.abs_section_e4                    1   N/I       0xE4       0xE4   .absSeg41
.abs_section_e1                    1   N/I       0xE1       0xE1   .absSeg42
.abs_section_e3                    1   N/I       0xE3       0xE3   .absSeg43
.abs_section_11                    1   N/I       0x11       0x11   .absSeg44
.abs_section_10                    1   N/I       0x10       0x10   .absSeg45
.abs_section_1e                    1   N/I       0x1E       0x1E   .absSeg46
.abs_section_15                    1   N/I       0x15       0x15   .absSeg47
.abs_section_16                    1   N/I       0x16       0x16   .absSeg48
.abs_section_156                   1   N/I      0x156      0x156   .absSeg49
.abs_section_1c                    1   N/I       0x1C       0x1C   .absSeg50
.abs_section_1d                    1   N/I       0x1D       0x1D   .absSeg51
.abs_section_13                    1   N/I       0x13       0x13   .absSeg52
.abs_section_b                     1   N/I        0xB        0xB   .absSeg53
.abs_section_150                   1   N/I      0x150      0x150   .absSeg54
.abs_section_151                   1   N/I      0x151      0x151   .absSeg55
.abs_section_14                    1   N/I       0x14       0x14   .absSeg56
.abs_section_17                    1   N/I       0x17       0x17   .absSeg57
.abs_section_140                   1   N/I      0x140      0x140   .absSeg58
.abs_section_43                    1   N/I       0x43       0x43   .absSeg59
.abs_section_42                    1   N/I       0x42       0x42   .absSeg60
.abs_section_60                    1   N/I       0x60       0x60   .absSeg61
.abs_section_61                    1   N/I       0x61       0x61   .absSeg62
.abs_section_1a                    1   N/I       0x1A       0x1A   .absSeg63
.abs_section_1b                    1   N/I       0x1B       0x1B   .absSeg64
.abs_section_a                     1   N/I        0xA        0xA   .absSeg65
.abs_section_254                   1   N/I      0x254      0x254   .absSeg66
.abs_section_25c                   1   N/I      0x25C      0x25C   .absSeg67
.abs_section_264                   1   N/I      0x264      0x264   .absSeg68
.abs_section_26c                   1   N/I      0x26C      0x26C   .absSeg69
.abs_section_24c                   1   N/I      0x24C      0x24C   .absSeg70
.abs_section_244                   1   N/I      0x244      0x244   .absSeg71
.abs_section_256                   1   N/I      0x256      0x256   .absSeg72
.abs_section_25e                   1   N/I      0x25E      0x25E   .absSeg73
.abs_section_266                   1   N/I      0x266      0x266   .absSeg74
.abs_section_257                   1   N/I      0x257      0x257   .absSeg75
.abs_section_25f                   1   N/I      0x25F      0x25F   .absSeg76
.abs_section_267                   1   N/I      0x267      0x267   .absSeg77
.abs_section_3a                    1   N/I       0x3A       0x3A   .absSeg78
.abs_section_8f                    1   N/I       0x8F       0x8F   .absSeg79
.abs_section_8                     1   N/I        0x8        0x8   .absSeg80
.abs_section_32                    1   N/I       0x32       0x32   .absSeg81
.abs_section_30                    1   N/I       0x30       0x30   .absSeg82
.abs_section_255                   1   N/I      0x255      0x255   .absSeg83
.abs_section_25d                   1   N/I      0x25D      0x25D   .absSeg84
.abs_section_265                   1   N/I      0x265      0x265   .absSeg85
.abs_section_26d                   1   N/I      0x26D      0x26D   .absSeg86
.abs_section_24d                   1   N/I      0x24D      0x24D   .absSeg87
.abs_section_245                   1   N/I      0x245      0x245   .absSeg88
.abs_section_250                   1   N/I      0x250      0x250   .absSeg89
.abs_section_258                   1   N/I      0x258      0x258   .absSeg90
.abs_section_251                   1   N/I      0x251      0x251   .absSeg91
.abs_section_259                   1   N/I      0x259      0x259   .absSeg92
.abs_section_261                   1   N/I      0x261      0x261   .absSeg93
.abs_section_269                   1   N/I      0x269      0x269   .absSeg94
.abs_section_249                   1   N/I      0x249      0x249   .absSeg95
.abs_section_241                   1   N/I      0x241      0x241   .absSeg96
.abs_section_260                   1   N/I      0x260      0x260   .absSeg97
.abs_section_268                   1   N/I      0x268      0x268   .absSeg98
.abs_section_248                   1   N/I      0x248      0x248   .absSeg99
.abs_section_240                   1   N/I      0x240      0x240   .absSeg100
.abs_section_c                     1   N/I        0xC        0xC   .absSeg101
.abs_section_253                   1   N/I      0x253      0x253   .absSeg102
.abs_section_25b                   1   N/I      0x25B      0x25B   .absSeg103
.abs_section_d                     1   N/I        0xD        0xD   .absSeg104
.abs_section_263                   1   N/I      0x263      0x263   .absSeg105
.abs_section_26b                   1   N/I      0x26B      0x26B   .absSeg106
.abs_section_24b                   1   N/I      0x24B      0x24B   .absSeg107
.abs_section_243                   1   N/I      0x243      0x243   .absSeg108
.abs_section_35                    1   N/I       0x35       0x35   .absSeg109
.abs_section_3b                    1   N/I       0x3B       0x3B   .absSeg110
.abs_section_143                   1   N/I      0x143      0x143   .absSeg111
.abs_section_ca                    1   N/I       0xCA       0xCA   .absSeg112
.abs_section_cb                    1   N/I       0xCB       0xCB   .absSeg113
.abs_section_ce                    1   N/I       0xCE       0xCE   .absSeg114
.abs_section_cf                    1   N/I       0xCF       0xCF   .absSeg115
.abs_section_cc                    1   N/I       0xCC       0xCC   .absSeg116
.abs_section_cd                    1   N/I       0xCD       0xCD   .absSeg117
.abs_section_d2                    1   N/I       0xD2       0xD2   .absSeg118
.abs_section_d3                    1   N/I       0xD3       0xD3   .absSeg119
.abs_section_d6                    1   N/I       0xD6       0xD6   .absSeg120
.abs_section_d7                    1   N/I       0xD7       0xD7   .absSeg121
.abs_section_d4                    1   N/I       0xD4       0xD4   .absSeg122
.abs_section_d5                    1   N/I       0xD5       0xD5   .absSeg123
.abs_section_da                    1   N/I       0xDA       0xDA   .absSeg124
.abs_section_d8                    1   N/I       0xD8       0xD8   .absSeg125
.abs_section_d9                    1   N/I       0xD9       0xD9   .absSeg126
.abs_section_dd                    1   N/I       0xDD       0xDD   .absSeg127
.abs_section_db                    1   N/I       0xDB       0xDB   .absSeg128
.abs_section_14e                   1   N/I      0x14E      0x14E   .absSeg129
.abs_section_34                    1   N/I       0x34       0x34   .absSeg130
.abs_section_48                    1   N/I       0x48       0x48   .absSeg131
.abs_section_4a                    1   N/I       0x4A       0x4A   .absSeg132
.abs_section_4e                    1   N/I       0x4E       0x4E   .absSeg133
.abs_section_4f                    1   N/I       0x4F       0x4F   .absSeg134
.abs_section_4c                    1   N/I       0x4C       0x4C   .absSeg135
.abs_section_40                    1   N/I       0x40       0x40   .absSeg136
.abs_section_46                    1   N/I       0x46       0x46   .absSeg137
.abs_section_4d                    1   N/I       0x4D       0x4D   .absSeg138
.abs_section_47                    1   N/I       0x47       0x47   .absSeg139
.abs_section_144                   1   N/I      0x144      0x144   .absSeg140
.abs_section_26e                   1   N/I      0x26E      0x26E   .absSeg141
.abs_section_24e                   1   N/I      0x24E      0x24E   .absSeg142
.abs_section_82                    2   N/I       0x82       0x83   .absSeg143
.abs_section_84                    2   N/I       0x84       0x85   .absSeg144
.abs_section_8c                    2   N/I       0x8C       0x8D   .absSeg145
.abs_section_90                    2   N/I       0x90       0x91   .absSeg146
.abs_section_92                    2   N/I       0x92       0x93   .absSeg147
.abs_section_94                    2   N/I       0x94       0x95   .absSeg148
.abs_section_96                    2   N/I       0x96       0x97   .absSeg149
.abs_section_98                    2   N/I       0x98       0x99   .absSeg150
.abs_section_9a                    2   N/I       0x9A       0x9B   .absSeg151
.abs_section_9c                    2   N/I       0x9C       0x9D   .absSeg152
.abs_section_9e                    2   N/I       0x9E       0x9F   .absSeg153
.abs_section_158                   2   N/I      0x158      0x159   .absSeg154
.abs_section_2b                    2   N/I       0x2B       0x2C   .absSeg155
.abs_section_2e                    2   N/I       0x2E       0x2F   .absSeg156
.abs_section_26                    2   N/I       0x26       0x27   .absSeg157
.abs_section_22                    2   N/I       0x22       0x23   .absSeg158
.abs_section_2                     2   N/I        0x2        0x3   .absSeg159
.abs_section_16e                   2   N/I      0x16E      0x16F   .absSeg160
.abs_section_146                   2   N/I      0x146      0x147   .absSeg161
.abs_section_14a                   2   N/I      0x14A      0x14B   .absSeg162
.abs_section_14c                   2   N/I      0x14C      0x14D   .absSeg163
.abs_section_16c                   2   N/I      0x16C      0x16D   .absSeg164
.abs_section_16a                   2   N/I      0x16A      0x16B   .absSeg165
.abs_section_168                   2   N/I      0x168      0x169   .absSeg166
.abs_section_166                   2   N/I      0x166      0x167   .absSeg167
.abs_section_164                   2   N/I      0x164      0x165   .absSeg168
.abs_section_162                   2   N/I      0x162      0x163   .absSeg169
.abs_section_160                   2   N/I      0x160      0x161   .absSeg170
.abs_section_154                   2   N/I      0x154      0x155   .absSeg171
.abs_section_152                   2   N/I      0x152      0x153   .absSeg172
.abs_section_62                    2   N/I       0x62       0x63   .absSeg173
.abs_section_0                     2   N/I        0x0        0x1   .absSeg174
.abs_section_148                   2   N/I      0x148      0x149   .absSeg175
.abs_section_15a                   2   N/I      0x15A      0x15B   .absSeg176
.abs_section_15c                   2   N/I      0x15C      0x15D   .absSeg177
.abs_section_c8                    2   N/I       0xC8       0xC9   .absSeg178
.abs_section_d0                    2   N/I       0xD0       0xD1   .absSeg179
.abs_section_58                    2   N/I       0x58       0x59   .absSeg180
.abs_section_5a                    2   N/I       0x5A       0x5B   .absSeg181
.abs_section_5c                    2   N/I       0x5C       0x5D   .absSeg182
.abs_section_5e                    2   N/I       0x5E       0x5F   .absSeg183
.abs_section_44                    2   N/I       0x44       0x45   .absSeg184
.abs_section_15e                   2   N/I      0x15E      0x15F   .absSeg185
.abs_section_2000                512   N/I     0x2000     0x21FF   .absSeg186
.abs_section_2200                512   N/I     0x2200     0x23FF   .absSeg187
.abs_section_2400                512   N/I     0x2400     0x25FF   .absSeg188
.bss                             462   R/W     0x2603     0x27D0   RAM
.common                         5033   R/W     0x27D1     0x3B79   RAM
.stack                             1   R/W     0x3FFF     0x3FFF   .stackSeg
ROM_C000_189                    2787     R     0xC000     0xCAE2   ROM_C000
PAGE_3D_190                    15331     R   0x3D8000   0x3DBBE2   PAGE_3D

Summary of section sizes per section type:
READ_ONLY (R):        C5CC (dec:    50636)
READ_WRITE (R/W):     157B (dec:     5499)
NO_INIT (N/I):         6E4 (dec:     1764)

*********************************************************************************************
VECTOR-ALLOCATION SECTION
    Address     InitValue   InitFunction
---------------------------------------------------------------------------------------------

*********************************************************************************************
OBJECT-ALLOCATION SECTION
     Name               Module                 Addr   hSize   dSize     Ref    Section   RLIB
---------------------------------------------------------------------------------------------
MODULE:                 -- CTYPE.C.o (ansibf.lib) --
- PROCEDURES:
     isdigit                                 3C8080       C      12       4   .text       
     isspace                                 3C808C      15      21       4   .text       
     toupper                                 3C80A1      14      20       6   .text       
- VARIABLES:
MODULE:                 -- MATH.C.o (ansibf.lib) --
- PROCEDURES:
     copysign                                3C80B5      34      52       2   .text       
     fabs                                    3C80E9      1C      28      10   .text       
     isint                                   3C8105      52      82       6   .text       
     is_special                              3C8157      53      83       4   .text       
     pow_i                                   3C81AA     15F     351      12   .text       
     exp_r                                   3C8309     427    1063      26   .text       
     log_r                                   3C8730     355     853      29   .text       
     pow                                     3C8A85     351     849      38   .text       
- VARIABLES:
     infinity                                  406F       8       8      12   .rodata     
     nan_union                                 4077       8       8       8   .rodata     
MODULE:                 -- PRINTF.C.o (ansibf.lib) --
- PROCEDURES:
     Ten                                     3C8DD6      F2     242      15   .text       
     vprintf                                 3C8EC8     A5E    2654     162   .text       
     _out                                    3C9926       C      12       2   .text       
     deposit_char                            3C9932       F      15       3   .text       
     sprintf                                 3C9941      2F      47     160   .text       
- VARIABLES:
     pow10                                     407F      28      40       5   .rodata     
     pow16                                     40A7      20      32       3   .rodata     
     pow8                                      40C7      2C      44       3   .rodata     
     fpow10                                    40F3      60      96       1   .rodata     
     fpow_10                                   4153      60      96       1   .rodata     
     pbuf                                      27D1       7       7      16   .common     
MODULE:                 -- STDLIB.C.o (ansibf.lib) --
- PROCEDURES:
     CheckCharWithBase                       3C9970      3A      58       2   .text       
     _strtoul                                3C99AA     176     374      11   .text       
     _strtol                                 3C9B20      CB     203       4   .text       
     strtol                                  3C9BEB      14      20       4   .text       
- VARIABLES:
MODULE:                 -- STRING.C.o (ansibf.lib) --
- PROCEDURES:
     memcpy                                  3C9BFF      26      38      48   .text       
     memset                                  3C9C25      1E      30       2   .text       
     strlen                                  3C9C43      14      20      28   .text       
     strcat                                  3C9C57      19      25      28   .text       
     strcpy                                  3C9C70      11      17      24   .text       
     strcmp                                  3C9C81      33      51       6   .text       
- VARIABLES:
MODULE:                 -- DADD.C.o (ansibf.lib) --
- PROCEDURES:
     D_ADDKL                                   54E9      CB     203       1   NON_BANKED  
     _DADD                                     55B4      11      17      20   NON_BANKED  
     _DSUB                                     55C5      19      25       7   NON_BANKED  
     _DNEG                                     55DE      28      40       4   NON_BANKED  
- VARIABLES:
MODULE:                 -- DANSI.C.o (ansibf.lib) --
- PROCEDURES:
     D_MODF                                    5606      69     105       1   NON_BANKED  
     D_FREXP                                   566F      20      32       1   NON_BANKED  
     D_LDEXP                                   568F      11      17       1   NON_BANKED  
     modf                                      56A0      21      33       1   NON_BANKED  
     frexp                                     56C1      21      33       2   NON_BANKED  
     RetErrDom                                 56E2      1F      31       1   NON_BANKED  
     ldexp                                     5701      28      40       3   NON_BANKED  
- VARIABLES:
MODULE:                 -- DCMP.C.o (ansibf.lib) --
- PROCEDURES:
     _DCMP                                     5729      30      48       9   NON_BANKED  
- VARIABLES:
MODULE:                 -- DCONV.C.o (ansibf.lib) --
- PROCEDURES:
     D_TOLONGK                                 5759      33      51       1   NON_BANKED  
     D_FRLONGK                                 578C      19      25       2   NON_BANKED  
     _DSFLOAT                                  57A5      14      20       2   NON_BANKED  
     _DUFLOAT                                  57B9      14      20       2   NON_BANKED  
     _DSTRUNC                                  57CD      19      25       3   NON_BANKED  
     _DUTRUNC                                  57E6       3       3       3   NON_BANKED  
     D_PSHK_UNARY                              57E9      1E      30       2   NON_BANKED  
     D_CLRK_UNARY                              5807       D      13       2   NON_BANKED  
     D_MAXK_UNARY                              5814       A      10       1   NON_BANKED  
     D_NORMK_UNARY                             581E      5C      92       1   NON_BANKED  
- VARIABLES:
MODULE:                 -- DMUL.C.o (ansibf.lib) --
- PROCEDURES:
     D_DIVKL                                   587A      F5     245       2   NON_BANKED  
     D_MULKL                                   596F      90     144       1   NON_BANKED  
     _DMUL                                     59FF      11      17      26   NON_BANKED  
     _DDIV                                     5A10      11      17       4   NON_BANKED  
- VARIABLES:
MODULE:                 -- DREGS.C.o (ansibf.lib) --
- PROCEDURES:
     D_PULK                                    5A21      29      41       6   NON_BANKED  
     D_PULL                                    5A4A      25      37       4   NON_BANKED  
     D_PSHK                                    5A6F      23      35       3   NON_BANKED  
     D_STAL                                    5A92      2A      42       4   NON_BANKED  
     D_TKL                                     5ABC      1C      28       2   NON_BANKED  
     D_XGKL                                    5AD8      39      57       2   NON_BANKED  
     D_CLRK                                    5B11      13      19       4   NON_BANKED  
     D_CLRL                                    5B24      10      16       1   NON_BANKED  
     D_MAXK                                    5B34       A      10       2   NON_BANKED  
     D_NORMK                                   5B3E      8F     143       6   NON_BANKED  
- VARIABLES:
MODULE:                 -- FADD.C.o (ansibf.lib) --
- PROCEDURES:
     F_ADDKL                                   5BCD      67     103       1   NON_BANKED  
     _FADD                                     5C34      15      21       4   NON_BANKED  
     _FNEG                                     5C49       B      11       1   NON_BANKED  
- VARIABLES:
MODULE:                 -- FCMP.C.o (ansibf.lib) --
- PROCEDURES:
     _FCMP                                     5C54      27      39       2   NON_BANKED  
- VARIABLES:
MODULE:                 -- FCONV.C.o (ansibf.lib) --
- PROCEDURES:
     F_TOLONGK                                 5C7B      33      51       1   NON_BANKED  
     F_FRLONGK                                 5CAE      1F      31       2   NON_BANKED  
     _FSFLOAT                                  5CCD      12      18       3   NON_BANKED  
     _FUFLOAT                                  5CDF      12      18       3   NON_BANKED  
     _FSTRUNC                                  5CF1      11      17       3   NON_BANKED  
     _FUTRUNC                                  5D02       3       3       4   NON_BANKED  
- VARIABLES:
MODULE:                 -- FMUL.C.o (ansibf.lib) --
- PROCEDURES:
     F_DIVKL                                   5D05      8E     142       1   NON_BANKED  
     F_MULKL                                   5D93      58      88       1   NON_BANKED  
     _FMUL                                     5DEB      14      20      12   NON_BANKED  
     _FDIV                                     5DFF      1E      30       2   NON_BANKED  
- VARIABLES:
MODULE:                 -- FREGS.C.o (ansibf.lib) --
- PROCEDURES:
     F_PULK                                    5E1D      21      33       4   NON_BANKED  
     F_PULL                                    5E3E      21      33       3   NON_BANKED  
     F_PSHK                                    5E5F      13      19       5   NON_BANKED  
     F_XGKL                                    5E72      21      33       2   NON_BANKED  
     F_CLRK                                    5E93       B      11       2   NON_BANKED  
     F_MAXK                                    5E9E       9       9       2   NON_BANKED  
     F_NORMK                                   5EA7      3E      62       3   NON_BANKED  
- VARIABLES:
MODULE:                 -- rtshc12.c.o (ansibf.lib) --
- PROCEDURES:
     _ISHRS                                    5EE5       C      12       1   NON_BANKED  
     _LSHRU                                    5EF1      11      17       1   NON_BANKED  
     _LCMP                                     5F02      19      25       5   NON_BANKED  
     _LCMP_P                                   5F1B      15      21       6   NON_BANKED  
     _LNEG                                     5F30       D      13       2   NON_BANKED  
     _LINC                                     5F3D       5       5      30   NON_BANKED  
     _LDEC                                     5F42       8       8       1   NON_BANKED  
     _LMUL                                     5F4A      27      39       2   NON_BANKED  
     _lDivMod                                  5F71      E3     227       4   NON_BANKED  
     _LDIVU                                    6054       E      14       3   NON_BANKED  
     _NEG_P                                    6062       F      15       4   NON_BANKED  
     _LMODU                                    6071      11      17       1   NON_BANKED  
     _LMODS                                    6082      2A      42       1   NON_BANKED  
     _ILSEXT                                   60AC       7       7      13   NON_BANKED  
     _COPY                                     60B3       8       8      19   NON_BANKED  
     _CASE_DIRECT_BYTE                         60BB       5       5       6   NON_BANKED  
     _CASE_CHECKED                             60C0       B      11       5   NON_BANKED  
     _CASE_CHECKED_BYTE                        60CB      14      20       4   NON_BANKED  
     _CASE_SEARCH_8                            60DF      17      23       2   NON_BANKED  
     _CASE_SEARCH_8_BYTE                       60F6      1A      26       3   NON_BANKED  
     _FPCMP                                    6110       8       8       5   NON_BANKED  
- VARIABLES:
MODULE:                 -- VREGS.C.o (ansibf.lib) --
- PROCEDURES:
     L_NEGK                                    6118       7       7       2   NON_BANKED  
     L_PSHK                                    611F       8       8       2   NON_BANKED  
     UL_PULK                                   6127       3       3       2   NON_BANKED  
     SL_PULK                                   612A       A      10       2   NON_BANKED  
- VARIABLES:
     errno                                     27D8       2       2       6   .common     
MODULE:                 -- datapage.c.o --
- PROCEDURES:
     _GET_PAGE_REG                             6134      1A      26       1   NON_BANKED  
     _SET_PAGE                                 614E       9       9       2   NON_BANKED  
- VARIABLES:
MODULE:                 -- Start12.c.o --
- PROCEDURES:
     Init                                      4000      35      53       1   .init       
     _Startup                                  4035      1B      27       2   .init       
- VARIABLES:
     _startupData                              4050      18      24       6   .startData  
MODULE:                 -- dSCIA.c.o --
- PROCEDURES:
     f_SCIAIdleTimeout                         6157      29      41       2   NON_BANKED  
     f_SCIASendCommand                         6180       9       9       2   NON_BANKED  
     f_SCIASendRequest                         6189      CC     204       4   NON_BANKED  
     f_SCIAReceiveMsg                          6255      91     145       2   NON_BANKED  
     f_SCIAIdleFrameTx                         62E6      A2     162       2   NON_BANKED  
     f_SCIAIdleFrameRx                         6388      7E     126       2   NON_BANKED  
     f_SCIAToTxTimeout                         6406      4E      78       2   NON_BANKED  
     f_SCIATxNotReady                          6454      14      20       6   NON_BANKED  
     f_SCIATxTimeout                           6468      45      69       2   NON_BANKED  
     f_SCIATxFrame                             64AD      E1     225       4   NON_BANKED  
     f_SCIARxTimeout                           658E      49      73       2   NON_BANKED  
     f_SCIARxFrame                             65D7      C7     199       2   NON_BANKED  
     SCIA_Init                                 669E      D8     216       2   NON_BANKED  
     SCI1_isr                                  6776     21D     541      22   NON_BANKED  
- VARIABLES:
     SCIAProc_IDLE                             41B3      23      35       6   .rodata     
     SCIAProc_TOTRANSMIT                       41D6       F      15       1   .rodata     
     SCIAProc_TRANSMITING                      41E5      14      20       1   .rodata     
     SCIAProc_RECEIVING                        41F9      14      20       2   .rodata     
     STRING.SCIA.Err.0x0A...1                  4814      10      16       1   .rodata1    
     STRING.SCIA.Err.0x0B...2                  4824      10      16       1   .rodata1    
     STRING.SCIA.Err.0x02...3                  4834      10      16       1   .rodata1    
     STRING.SCIA.Err.0x02...4                  4844      10      16       1   .rodata1    
     STRING.SCIA.Rx...d...d...d..5             4854      2B      43       1   .rodata1    
     SCIA_ConfigByte                           27DA       1       1       6   .common     
     SCIA_TargetProc                           27DB       1       1      11   .common     
     SCIA_ProtocolFrame                        27DC       1       1       2   .common     
     SCIA_StateFlags                           27DD       1       1       6   .common     
     SCIA_RxByteCount                          27DE       2       2      14   .common     
     SCIA_RxByteIdx                            27E0       2       2      21   .common     
     SCIA_TxByteCount                          27E2       2       2      11   .common     
     SCIA_TmpVar                               27E4       1       1      13   .common     
     m_SCIA_SCISR1                             27E5       1       1       3   .common     
     m_RxMsg_FC                                27E6       1       1       3   .common     
     m_RxMsgLen                                27E7       2       2       8   .common     
     SCIA_FrameToRx                            27E9       2       2      22   .common     
     SCIA_FrameToTx                            27EB       2       2      14   .common     
     SCIA_RX_TimerID                           27ED       1       1      15   .common     
     SCIA_TX_TimerID                           27EE       1       1       7   .common     
     SCIA_TxErrAcc                             27EF       1       1       1   .common     
     SCIA_RxErrAcc                             27F0       1       1       4   .common     
     SCIA_CurrentTxToken                       27F1       1       1      10   .common     
     SCIA_CurrentRxToken                       27F2       1       1      12   .common     
     SCIA_TxOffset                             27F3       1       1       5   .common     
     SCIA_RxOffset                             27F4       1       1       6   .common     
     SCIA_TMR_TX_TIMEOUT                       27F5       2       2       2   .common     
     SCIA_TMR_RX_TIMEOUT                       27F7       2       2       5   .common     
     SCIA_TMR_DRIVE_TIMEOUT                    27F9       2       2       2   .common     
MODULE:                 -- sVectors.c.o --
- PROCEDURES:
     software_trap                             6993       2       2      45   NON_BANKED  
- VARIABLES:
     _SeudoVect                                EF80      80     128       0   .abs_section_ef80
MODULE:                 -- Main.c.o --
- PROCEDURES:
     main                                      6995     451    1105      13   NON_BANKED  
     GetEventMsg                               6DE6      40      64       2   NON_BANKED  
     PutEventMsg                               6E26      55      85      94   NON_BANKED  
     f_Consume                                 6E7B       1       1      28   NON_BANKED  
     RestoreConfig                             6E7C      58      88       2   NON_BANKED  
- VARIABLES:
     STRING.SYS_START.LC...02X...1             487F      36      54       1   .rodata1    
     LEDcounter                                2603       2       2       3   .bss        
     EventMsgQueue                             27FB      B4     180       8   .common     
     EventMsgCtrl                              28AF       5       5      17   .common     
     CurrentMsg                                28B4       6       6      45   .common     
     CurrentProcessState                       28BA      14      20      10   .common     
     EventInCurrentState                       28CE       2       2       4   .common     
     FirstEventInCurrentState                  28D0       2       2      20   .common     
     DummyVar                                  28D2       2       2       1   .common     
     DummyPtr                                  28D4       2       2       2   .common     
     RestoreSwitchCounter                      28D6       1       1       5   .common     
     SYS_ConfigParam                           28D7      14      20      56   .common     
     StatisticData                             28EB      1F      31     122   .common     
     ProcDebugFlag                             290A       A      10      14   .common     
     EventFunction                             2914       3       3       3   .common     
     localmachine                              2917      12      18      57   .common     
MODULE:                 -- sAuxFun.c.o --
- PROCEDURES:
     SYS_AuxGlobalInit                         6ED4      37      55       2   NON_BANKED  
- VARIABLES:
     BaudCode2RegVal                           420D      20      32       2   .rodata     
MODULE:                 -- sTimer.c.o --
- PROCEDURES:
     TMR_Init                                  6F0B      3E      62       2   NON_BANKED  
     TMR_SetTimer                              6F49      BC     188      39   NON_BANKED  
     TMR_FreeTimer                             7005      E5     229      21   NON_BANKED  
     TMR_Polling                               70EA      E7     231       3   NON_BANKED  
     TMR_Wait                                  71D1      12      18      10   NON_BANKED  
     tim0_ch7_isr                              71E3      12      18       1   NON_BANKED  
- VARIABLES:
     TmrArray                                  2929      DC     220      56   .common     
     TmrAvailable                              2A05       1       1      10   .common     
     TmrInUse                                  2A06       1       1      12   .common     
     TmrWaitVar                                2A07       2       2       4   .common     
MODULE:                 -- sMemo.c.o --
- PROCEDURES:
     SYS_MemoInit                              71F5      3D      61       2   NON_BANKED  
     MemGetFreeBuffQtty                        7232       6       6       2   NON_BANKED  
     MemGetBuffer                              7238      3A      58      12   NON_BANKED  
     MemFreeBuffer                             7272      26      38      20   NON_BANKED  
     MemGetBufferPtr                           7298      23      35      34   NON_BANKED  
     MemSetUsedLen                             72BB      20      32      30   NON_BANKED  
     MemGetUsedLen                             72DB      23      35      18   NON_BANKED  
     MemSetRouteMark                           72FE      20      32       4   NON_BANKED  
     MemGetRouteMark                           731E      22      34      16   NON_BANKED  
- VARIABLES:
     sBuffersPooles                            2A09      2A      42      21   .common     
     saBuffersData                             2A33     630    1584       1   .common     
     bMemBuffersInUse                          3063       1       1       4   .common     
MODULE:                 -- dSPI.c.o --
- PROCEDURES:
     FLA_SaveLogEvent                          7340      8F     143       2   NON_BANKED  
     FLA_SaveLogEventFixed                     73CF      8A     138       2   NON_BANKED  
     FLA_ReadLogEvent                          7459      3B      59       2   NON_BANKED  
     FLA_ResetLogEventReadCntr                 7494      60      96       2   NON_BANKED  
     FLA_ResetLogEventPtr                      74F4      33      51       2   NON_BANKED  
     FLA_SaveLog                               7527      81     129       2   NON_BANKED  
     FLA_SaveLogFixed                          75A8      86     134       2   NON_BANKED  
     FLA_ReadLog                               762E      3B      59       4   NON_BANKED  
     FLA_ResetLogReadCntr                      7669      60      96       4   NON_BANKED  
     FLA_ResetLogPtr                           76C9      33      51       4   NON_BANKED  
     FLA_SaveReg                               76FC      52      82      10   NON_BANKED  
     FLA_ReadReg                               774E      44      68       8   NON_BANKED  
     FLA_ReadBuff                              7792      75     117       2   NON_BANKED  
     FLA_ReadBlock                             7807      71     113       6   NON_BANKED  
     flash_spi                                 7878      11      17      22   NON_BANKED  
     SPI_TransferMsg                           7889      52      82      10   NON_BANKED  
     FLA_WaitFree                              78DB      1E      30       6   NON_BANKED  
     init_serial_memories                      78F9      1D      29       2   NON_BANKED  
     FLA_Init                                  7916      F5     245       5   NON_BANKED  
     flash_wre                                 7A0B       F      15       4   NON_BANKED  
     flash_wait_WIP                            7A1A      1E      30       4   NON_BANKED  
     flash_bulk_erase                          7A38      17      23       2   NON_BANKED  
     flash_program                             7A4F      7B     123       2   NON_BANKED  
     eeprom_spi                                7ACA      11      17      22   NON_BANKED  
     eeprom_wre                                7ADB       D      13       4   NON_BANKED  
     eeprom_wait_WIP                           7AE8      1C      28       4   NON_BANKED  
     eeprom_unlock                             7B04      22      34       2   NON_BANKED  
     eeprom_read_buffer                        7B26      46      70     104   NON_BANKED  
     eeprom_write_buffer                       7B6C      75     117      82   NON_BANKED  
- VARIABLES:
     LOG_TextId                                422D      10      16       1   .rodata     
     EVENT_TextId                              423D       4       4       1   .rodata     
     STRING.LOG.Debug.general.si.1             48B5      22      34       1   .rodata1    
     STRING.TCP.Comando.TCP.CONN.2             48D7      23      35       1   .rodata1    
     STRING.TCP.Comando.TCP.CLOS.3             48FA      23      35       1   .rodata1    
     STRING.TCP.Comando.TCP.ABOR.4             491D      23      35       1   .rodata1    
     STRING.TCP.Comando.TCP.REGE.5             4940      26      38       1   .rodata1    
     STRING.TCP.ERROR..no.hay.bu.6             4966      28      40       1   .rodata1    
     STRING.TCP.ERROR..buffer.co.7             498E      29      41       1   .rodata1    
     STRING.OS.ERROR..no.hay.buf.8             49B7      27      39       1   .rodata1    
     STRING.LOG.Evento.general.s.9             49DE      23      35       1   .rodata1    
     STRING.LOG.System.Reset..10               4A01      13      19       1   .rodata1    
     FLA_LogsPtr                               3064       6       6      54   .common     
     FLA_LogsEventPtr                          306A       6       6      53   .common     
     SpiBuf                                    3070       9       9      28   .common     
MODULE:                 -- dGPIO.c.o --
- PROCEDURES:
     GIO_AdcRead                             3C9CB4      2F      47       6   .text       
     GIO_GetTemp                             3C9CE3      31      49       4   .text       
     GIO_GetInpVal                           3C9D14      36      54       6   .text       
     GIO_SetOutVal                           3C9D4A      56      86      10   .text       
     GIO_Init                                3C9DA0      29      41       2   .text       
     GIO_GetAAGInp                           3C9DC9      F1     241       4   .text       
- VARIABLES:
     AAG_4_20_OUT_FACTOR                       4241       4       4       4   .rodata     
     InputOutputData                           3079      1A      26      48   .common     
     AAG_INP_A                                 3093       2       2       2   .common     
     AAG_INP_B                                 3095       2       2       2   .common     
     AAG_QA                                    3097      14      20       5   .common     
     AAG_QB                                    30AB      14      20       5   .common     
     AAG_INP_A_Suma                            30BF       2       2       2   .common     
     AAG_INP_B_Suma                            30C1       2       2       2   .common     
MODULE:                 -- dSCIB.c.o --
- PROCEDURES:
     f_SCIBIdleTimeout                         7BE1      36      54       2   NON_BANKED  
     f_SCIBSendCommand                         7C17       9       9       2   NON_BANKED  
     f_SCIBSendRequest                         7C20      D9     217       4   NON_BANKED  
     f_SCIBReceiveAll                          7CF9       9       9       2   NON_BANKED  
     f_SCIBReceiveMsg                          7D02      9A     154       4   NON_BANKED  
     f_SCIBIdleFrameTx                         7D9C      98     152       2   NON_BANKED  
     f_SCIBIdleFrameRx                         7E34      C4     196       2   NON_BANKED  
     f_SCIBToTxTimeout                         7EF8      4E      78       2   NON_BANKED  
     f_SCIBTxNotReady                          7F46      15      21       6   NON_BANKED  
     f_SCIBTxTimeout                           7F5B      46      70       2   NON_BANKED  
     f_SCIBTxFrame                             C000      E1     225       4   ROM_C000_189
     f_SCIBRxTimeout                           C0E1      6F     111       2   ROM_C000_189
     f_SCIBRxFrame                             C150      87     135       2   ROM_C000_189
     SCIB_Init                                 C1D7     13B     315       2   ROM_C000_189
     SCI0_isr                                  C312     274     628      24   ROM_C000_189
- VARIABLES:
     SCIBProc_IDLE                             4245      28      40       6   .rodata     
     SCIBProc_TOTRANSMIT                       426D       F      15       1   .rodata     
     SCIBProc_TRANSMITING                      427C      14      20       1   .rodata     
     SCIBProc_RECEIVING                        4290      14      20       2   .rodata     
     STRING.SCIB.Tx...d...d...d..1             4A14      2B      43       1   .rodata1    
     STRING.SCIB.Rx...d...d...d..2             4A3F      2B      43       1   .rodata1    
     SCIB_ConfigByte                           30C3       1       1       6   .common     
     SCIB_TargetProc                           30C4       1       1      11   .common     
     SCIB_ProtocolFrame                        30C5       1       1       7   .common     
     SCIB_StateFlags                           30C6       1       1       8   .common     
     SCIB_EVT_SCI_RXMSG                        30C7       1       1       3   .common     
     SCIB_EVT_SCI_RXERR                        30C8       1       1       5   .common     
     SCIB_EVT_SCI_TXMSG                        30C9       1       1       3   .common     
     SCIB_EVT_SCI_TXERR                        30CA       1       1       5   .common     
     SCIB_EVT_SCI_TXBUSY                       30CB       1       1       2   .common     
     SCIB_RxByteCount                          30CC       2       2      26   .common     
     SCIB_RxByteIdx                            30CE       2       2      21   .common     
     SCIB_TxByteCount                          30D0       2       2      12   .common     
     SCIB_TmpVar                               30D2       1       1      11   .common     
     m_SCIB_SCISR1                             30D3       1       1       3   .common     
     m_SCIB_RxMsg_FC                           30D4       1       1       4   .common     
     m_SCIB_RxMsgLen                           30D5       1       1       9   .common     
     SCIB_FrameToRx                            30D6       2       2      20   .common     
     SCIB_FrameToTx                            30D8       2       2      16   .common     
     SCIB_RX_TimerID                           30DA       1       1      15   .common     
     SCIB_TX_TimerID                           30DB       1       1       7   .common     
     SCIB_TxErrAcc                             30DC       1       1       1   .common     
     SCIB_RxErrAcc                             30DD       1       1       4   .common     
     SCIB_CurrentTxToken                       30DE       1       1      10   .common     
     SCIB_CurrentRxToken                       30DF       1       1      18   .common     
     SCIB_TxOffset                             30E0       1       1       5   .common     
     SCIB_RxOffset                             30E1       1       1       6   .common     
     SCIB_TMR_TX_TIMEOUT                       30E2       2       2       2   .common     
     SCIB_TMR_RX_TIMEOUT                       30E4       2       2       5   .common     
     SCIB_TMR_DRIVE_TIMEOUT                    30E6       2       2       1   .common     
MODULE:                 -- dIIC.c.o --
- PROCEDURES:
     f_IICTimeout                              C586       E      14       8   ROM_C000_189
     IIC_Init                                  C594      88     136       6   ROM_C000_189
     IIC_WriteRTCMem                           C61C      24      36      22   ROM_C000_189
     IIC_ReadRTCMem                            C640      24      36       6   ROM_C000_189
     IIC_RtcGetDateTime                        C664      22      34      10   ROM_C000_189
     IIC_RtcSetDateTime                        C686      20      32       2   ROM_C000_189
     IIC_DacSetValues                          C6A6      47      71       4   ROM_C000_189
     IIC_SendMsg                               C6ED      8A     138      16   ROM_C000_189
     IIC_ReceiveMsg                            C777      73     115       4   ROM_C000_189
     IIC_isr                                   C7EA      90     144       1   ROM_C000_189
- VARIABLES:
     IICProc_IDLE                              42A4       A      10       1   .rodata     
     IIC_TransferState                         30E8       1       1       8   .common     
     TxPacket                                  30E9       A      10      19   .common     
     TxPacketpositionptr                       30F3       2       2       5   .common     
     TxPacketendptr                            30F5       2       2       3   .common     
     TxBufferemptyflag                         30F7       1       1       3   .common     
     RxPacket                                  30F8       A      10       8   .common     
     RxPacketpositionptr                       3102       2       2       7   .common     
     RxPacketendptr                            3104       2       2       4   .common     
     RxBufferfullflag                          3106       1       1       3   .common     
     MasterRxFlag                              3107       1       1       4   .common     
     TxCompleteflag                            3108       1       1       3   .common     
     RxCompleteflag                            3109       1       1       5   .common     
     TxTimerID                                 310A       1       1       3   .common     
     RxTimerID                                 310B       1       1       3   .common     
     CurrentSlave                              310C       1       1       2   .common     
     TxMsgLen                                  310D       1       1       1   .common     
     RxMsgLen                                  310E       1       1       2   .common     
MODULE:                 -- pConfig.c.o --
- PROCEDURES:
     f_ConfigIdleTimeout                     3C9EBA       D      13       2   .text       
     f_ConfigRxCfgFrame                      3C9EC7     5EB    1515      45   .text       
     CFG_Init                                3CA4B2       1       1       2   .text       
- VARIABLES:
     ConfigProc_IDLE                           42AE       F      15       1   .rodata     
     STRING..d....1                            4A6A       7       7       1   .rodata1    
     STRING....02x..02x..02x.....2             4A71      27      39       1   .rodata1    
     STRING..s.3                               4A98       4       4       1   .rodata1    
     FwVersionData                           3C8000      64     100       7   VERSION_ROM 
     CfgMsgFrame                               310F     108     264      70   .common     
     CfgMsgInfo                                3217      1D      29      37   .common     
MODULE:                 -- sDebug.c.o --
- PROCEDURES:
     f_DebugsSaveLog                           C87A       8       8       2   ROM_C000_189
     f_DebugsSaveLogId                         C882       D      13       2   ROM_C000_189
     f_DebugsSaveLogEvent                      C88F       8       8       2   ROM_C000_189
     f_DebugsSaveLogEventId                    C897       D      13       2   ROM_C000_189
     f_DebugPeriodic                           C8A4      63      99       2   ROM_C000_189
     f_DebugsSendDbgMsg                        C907       1       1       2   ROM_C000_189
     DBG_Init                                  C908      26      38       2   ROM_C000_189
     MON_ResetIfNotConnected                   C92E      2C      44      42   ROM_C000_189
     MON_ResetBoard                            C95A      37      55      12   ROM_C000_189
- VARIABLES:
     DebugProc_IDLE                            42BD      23      35       1   .rodata     
     STRING....RESET....Code...X.1             4A9C      17      23       1   .rodata1    
     DebugCntr                                 3234       1       1       1   .common     
     wDebugCheckIntegCounter                   3235       2       2       4   .common     
     dwUpTimeHalfSeg                           3237       4       4       6   .common     
MODULE:                 -- address.c.o --
- PROCEDURES:
- VARIABLES:
     prot_addr                                 42E0       4       4       1   .rodata     
     netw_mask                                 42E4       4       4       1   .rodata     
     dfgw_addr                                 42E8       4       4       1   .rodata     
MODULE:                 -- Init.c.o --
- PROCEDURES:
     init                                    3CA4B3       1       1       2   .text       
- VARIABLES:
MODULE:                 -- mBuf.c.o --
- PROCEDURES:
     mBufInit                                3CA4B4      2D      45       2   .text       
     mENQUEUE                                3CA4E1      3A      58       2   .text       
     mDEQUEUE                                3CA51B      54      84       2   .text       
- VARIABLES:
     mBufs                                     323B      10      16      18   .common     
     mBufTx                                    324B       8       8       5   .common     
     enq_index                                 3253       1       1       4   .common     
     deq_index                                 3254       1       1       5   .common     
MODULE:                 -- os.c.o --
- PROCEDURES:
     os_enter_critical_section               3CA56F       3       3       2   .text       
     os_exit_critical_section                3CA572       3       3       2   .text       
- VARIABLES:
MODULE:                 -- RTI.c.o --
- PROCEDURES:
     RTI_Init                                3CA575       C      12       2   .text       
     RTI_Enable                              3CA581       8       8       2   .text       
     RealTimeInterrupt                         C991       F      15       1   ROM_C000_189
- VARIABLES:
     state.1                                   2605       1       1       2   .bss        
MODULE:                 -- system.c.o --
- PROCEDURES:
     kick_WD                                 3CA589       8       8      20   .text       
- VARIABLES:
     base_timer                                3255       4       4       1   .common     
     net_buf                                   3259     200     512      33   .common     
MODULE:                 -- timers.c.o --
- PROCEDURES:
     timer_pool_init                         3CA591      24      36       2   .text       
     get_timer                               3CA5B5      26      38       6   .text       
     init_timer                              3CA5DB      38      56      24   .text       
     check_timer                             3CA613      13      19       6   .text       
     decrement_timers                        3CA626      3F      63       2   .text       
- VARIABLES:
     timer_pool                                3459     113     275      17   .common     
MODULE:                 -- arp.c.o --
- PROCEDURES:
     process_arp                             3CA665      52      82       2   .text       
     arp_send_response                       3CA6B7     158     344      13   .text       
     arp_get_response                        3CA80F      E8     232       4   .text       
     arp_send_req                            3CA8F7      C5     197       4   .text       
     arp_alloc                               3CA9BC      8F     143       6   .text       
     arp_add                                 3CAA4B      D4     212       5   .text       
     arp_find                                3CAB1F     106     262       5   .text       
     arp_manage                              3CAC25      BE     190       2   .text       
     arp_init                                3CACE3      64     100       2   .text       
     is_subnet                               3CAD47      3F      63       4   .text       
- VARIABLES:
     aenext.1                                  2600       1       1       5   .data       
     aenext.2                                  2606       1       1       5   .bss        
     arp_table                                 356C      8C     140      11   .common     
     arp_timer                                 35F8       1       1       3   .common     
MODULE:                 -- http_server.c.o --
- PROCEDURES:
     https_init                              3CAD86      80     128       2   .text       
     https_run                               3CAE06     127     295       6   .text       
     https_eventlistener                     3CAF2D     1F3     499      22   .text       
     https_deletesession                     3CB120      2E      46       6   .text       
     https_searchsession                     3CB14E      29      41       2   .text       
     https_bindsession                       3CB177      36      54       2   .text       
     https_activatesession                   3CB1AD      10      16       2   .text       
- VARIABLES:
     https_enabled                             2607       1       1       3   .bss        
     ses.1                                     2608       1       1      15   .bss        
     https                                     35F9      40      64     144   .common     
MODULE:                 -- https_callbacks.c.o --
- PROCEDURES:
     https_findfile                          3CB1BD     1E5     485       5   .text       
     https_loadbuffer                        3CB3A2      C2     194       6   .text       
- VARIABLES:
     https_not_found_page                      42EC      B6     182       1   .rodata     
     STRING.index.html.1                       4AB3       B      11       1   .rodata1    
MODULE:                 -- icmp.c.o --
- PROCEDURES:
     process_icmp_in                         3CB464     14B     331       3   .text       
- VARIABLES:
MODULE:                 -- ip.c.o --
- PROCEDURES:
     process_ip_in                           3CB5AF     1C5     453      19   .text       
     process_ip_out                          3CB774     138     312       7   .text       
     ip_construct_cs                         3CB8AC     145     325       2   .text       
     ip_check_cs                             3CB9F1     162     354       2   .text       
     ip_checksum                             3CBB53      47      71     184   .text       
     ip_checksum_buf                         3CBB9A      83     131      10   .text       
- VARIABLES:
     received_ip_packet                        3639      3F      63      45   .common     
     send_ip_packet                            3678      3F      63      31   .common     
     ip_id                                     36B7       2       2       2   .common     
MODULE:                 -- tcp.c.o --
- PROCEDURES:
     tcp_getsocket                           3CBC1D      73     115       6   .text       
     tcp_listen                              3CBC90      7A     122       8   .text       
     tcp_send                                3CBD0A      B2     178       8   .text       
     tcp_close                               3CBDBC      94     148       4   .text       
     tcp_getstate                            3CBE50      18      24       2   .text       
     tcp_checksend                           3CBE68      30      48       4   .text       
     tcp_abort                               3CBE98      5F      95       2   .text       
     tcp_poll                                3D8000     2A0     672      33   PAGE_3D_190 
     tcp_init                                3D82A0      78     120       2   PAGE_3D_190 
     process_tcp_in                          3D8318     77E    1918     143   PAGE_3D_190 
     process_tcp_out                         3D8A96     1A2     418      18   PAGE_3D_190 
     tcp_sendcontrol                         3D8C38      1F      31      10   PAGE_3D_190 
     tcp_sendreset                           3D8C57      71     113       4   PAGE_3D_190 
     tcp_initseq                             3D8CC8       E      14       2   PAGE_3D_190 
     tcp_mapsocket                           3D8CD6      8A     138       2   PAGE_3D_190 
     tcp_newstate                            3D8D60      53      83      44   PAGE_3D_190 
     tcp_check_cs                            3D8DB3     115     277       2   PAGE_3D_190 
- VARIABLES:
     handle.1                                  2609       1       1       9   .bss        
     received_tcp_packet                       36B9      3F      63      83   .common     
     tcp_socket                                36F8     15F     351      13   .common     
     tcp_tempbuf                               3857      15      21       3   .common     
MODULE:                 -- tftps.c.o --
- PROCEDURES:
     tftps_init                              3D8EC8      55      85       2   PAGE_3D_190 
     tftps_run                               3D8F1D      25      37       2   PAGE_3D_190 
     tftp_callback_write                     3D8F42      14      20       3   PAGE_3D_190 
     tftps_eventlistener                     3D8F56     214     532      31   PAGE_3D_190 
     tftps_sendack                           3D916A      36      54       4   PAGE_3D_190 
     tftps_senderror                         3D91A0      41      65       2   PAGE_3D_190 
     tftps_deletesocket                      3D91E1      17      23       8   PAGE_3D_190 
- VARIABLES:
     tftpsapp_init                             260A       1       1       4   .bss        
     tftps                                     386C      11      17      55   .common     
     tftp_addr                                 387D       4       4       8   .common     
MODULE:                 -- udp.c.o --
- PROCEDURES:
     udp_init                                3D91F8      2B      43       2   PAGE_3D_190 
     udp_getsocket                           3D9223      58      88       4   PAGE_3D_190 
     udp_open                                3D927B      2B      43       4   PAGE_3D_190 
     udp_send                                3D92A6     1CC     460      17   PAGE_3D_190 
     process_udp_in                          3D9472     19C     412       3   PAGE_3D_190 
     udp_getfreeport                         3D960E      5B      91       2   PAGE_3D_190 
- VARIABLES:
     lastport.1                                2601       2       2       7   .data       
     udp_socket                                3881      18      24       6   .common     
     received_udp_packet                       3899       A      10      11   .common     
MODULE:                 -- MC9S12NE64.c.o --
- PROCEDURES:
- VARIABLES:
     _ARMCOP                                     3F       1       1      16   .abs_section_3f
     _ATDSTAT0                                   86       1       1       0   .abs_section_86
     _ATDSTAT1                                   8B       1       1       1   .abs_section_8b
     _ATDSTAT2                                   8A       1       1       0   .abs_section_8a
     _ATDTEST1                                   89       1       1       0   .abs_section_89
     _CFORC                                      41       1       1       0   .abs_section_41
     _CLKSEL                                     39       1       1       3   .abs_section_39
     _COPCTL                                     3C       1       1       1   .abs_section_3c
     _CRGFLG                                     37       1       1       3   .abs_section_37
     _CRGINT                                     38       1       1       2   .abs_section_38
     _DBGC1                                      20       1       1       0   .abs_section_20
     _DBGC2                                      28       1       1       0   .abs_section_28
     _DBGC3                                      29       1       1       0   .abs_section_29
     _DBGCAX                                     2A       1       1       0   .abs_section_2a
     _DBGCBX                                     2D       1       1       0   .abs_section_2d
     _DBGCCX                                     25       1       1       0   .abs_section_25
     _DBGCNT                                     24       1       1       0   .abs_section_24
     _DBGSC                                      21       1       1       0   .abs_section_21
     _DDRE                                        9       1       1       1   .abs_section_9
     _DDRG                                      252       1       1       6   .abs_section_252
     _DDRH                                      25A       1       1       0   .abs_section_25a
     _DDRJ                                      262       1       1       0   .abs_section_262
     _DDRK                                       33       1       1       1   .abs_section_33
     _DDRL                                      26A       1       1       5   .abs_section_26a
     _DDRS                                      24A       1       1       1   .abs_section_24a
     _DDRT                                      242       1       1       1   .abs_section_242
     _EBICTL                                      E       1       1       0   .abs_section_e
     _EPHYCTL0                                  120       1       1       5   .abs_section_120
     _EPHYCTL1                                  121       1       1       1   .abs_section_121
     _EPHYSR                                    122       1       1       1   .abs_section_122
     _ETCTL                                     145       1       1       1   .abs_section_145
     _FCLKDIV                                   100       1       1       0   .abs_section_100
     _FCMD                                      106       1       1       0   .abs_section_106
     _FCNFG                                     103       1       1       0   .abs_section_103
     _FPROT                                     104       1       1       0   .abs_section_104
     _FSEC                                      101       1       1       0   .abs_section_101
     _FSTAT                                     105       1       1       0   .abs_section_105
     _HPRIO                                      1F       1       1       0   .abs_section_1f
     _IBAD                                       E0       1       1       1   .abs_section_e0
     _IBCR                                       E2       1       1       9   .abs_section_e2
     _IBDR                                       E4       1       1       5   .abs_section_e4
     _IBFD                                       E1       1       1       1   .abs_section_e1
     _IBSR                                       E3       1       1       4   .abs_section_e3
     _INITRG                                     11       1       1       0   .abs_section_11
     _INITRM                                     10       1       1       0   .abs_section_10
     _INTCR                                      1E       1       1       1   .abs_section_1e
     _ITCR                                       15       1       1       0   .abs_section_15
     _ITEST                                      16       1       1       0   .abs_section_16
     _MCMST                                     156       1       1       9   .abs_section_156
     _MEMSIZ0                                    1C       1       1       0   .abs_section_1c
     _MEMSIZ1                                    1D       1       1       0   .abs_section_1d
     _MISC                                       13       1       1       0   .abs_section_13
     _MODE                                        B       1       1       0   .abs_section_b
     _MPADR                                     150       1       1       2   .abs_section_150
     _MRADR                                     151       1       1       2   .abs_section_151
     _MTST0                                      14       1       1       0   .abs_section_14
     _MTST1                                      17       1       1       0   .abs_section_17
     _NETCTL                                    140       1       1       2   .abs_section_140
     _OC7D                                       43       1       1       0   .abs_section_43
     _OC7M                                       42       1       1       0   .abs_section_42
     _PACTL                                      60       1       1       0   .abs_section_60
     _PAFLG                                      61       1       1       0   .abs_section_61
     _PARTIDH                                    1A       1       1       0   .abs_section_1a
     _PARTIDL                                    1B       1       1       0   .abs_section_1b
     _PEAR                                        A       1       1       0   .abs_section_a
     _PERG                                      254       1       1       0   .abs_section_254
     _PERH                                      25C       1       1       0   .abs_section_25c
     _PERJ                                      264       1       1       0   .abs_section_264
     _PERL                                      26C       1       1       0   .abs_section_26c
     _PERS                                      24C       1       1       0   .abs_section_24c
     _PERT                                      244       1       1       0   .abs_section_244
     _PIEG                                      256       1       1       0   .abs_section_256
     _PIEH                                      25E       1       1       0   .abs_section_25e
     _PIEJ                                      266       1       1       0   .abs_section_266
     _PIFG                                      257       1       1       0   .abs_section_257
     _PIFH                                      25F       1       1       0   .abs_section_25f
     _PIFJ                                      267       1       1       0   .abs_section_267
     _PLLCTL                                     3A       1       1       3   .abs_section_3a
     _PORTAD1                                    8F       1       1       0   .abs_section_8f
     _PORTE                                       8       1       1      11   .abs_section_8
     _PORTK                                      32       1       1      11   .abs_section_32
     _PPAGE                                      30       1       1       0   .abs_section_30
     _PPSG                                      255       1       1       0   .abs_section_255
     _PPSH                                      25D       1       1       0   .abs_section_25d
     _PPSJ                                      265       1       1       0   .abs_section_265
     _PPSL                                      26D       1       1       0   .abs_section_26d
     _PPSS                                      24D       1       1       0   .abs_section_24d
     _PPST                                      245       1       1       0   .abs_section_245
     _PTG                                       250       1       1      24   .abs_section_250
     _PTH                                       258       1       1       0   .abs_section_258
     _PTIG                                      251       1       1       0   .abs_section_251
     _PTIH                                      259       1       1       0   .abs_section_259
     _PTIJ                                      261       1       1       0   .abs_section_261
     _PTIL                                      269       1       1       0   .abs_section_269
     _PTIS                                      249       1       1       0   .abs_section_249
     _PTIT                                      241       1       1       0   .abs_section_241
     _PTJ                                       260       1       1       0   .abs_section_260
     _PTL                                       268       1       1      26   .abs_section_268
     _PTS                                       248       1       1      11   .abs_section_248
     _PTT                                       240       1       1       9   .abs_section_240
     _PUCR                                        C       1       1       1   .abs_section_c
     _RDRG                                      253       1       1       0   .abs_section_253
     _RDRH                                      25B       1       1       0   .abs_section_25b
     _RDRIV                                       D       1       1       0   .abs_section_d
     _RDRJ                                      263       1       1       0   .abs_section_263
     _RDRL                                      26B       1       1       0   .abs_section_26b
     _RDRS                                      24B       1       1       0   .abs_section_24b
     _RDRT                                      243       1       1       0   .abs_section_243
[...]
 |  |  |  |  |  |  |  |     |  |     
 |  |  |  |  |  |  |  |     |  +- _DSTRUNC             (see above)
 |  |  |  |  |  |  |  |     |  |  
 |  |  |  |  |  |  |  |     |  +- _COPY                (see above)
 |  |  |  |  |  |  |  |     |     
 |  |  |  |  |  |  |  |     +- _DNEG                (see above)
 |  |  |  |  |  |  |  |     |  
 |  |  |  |  |  |  |  |     +- log_r               
 |  |  |  |  |  |  |  |     |  | 
 |  |  |  |  |  |  |  |     |  +- frexp                (see above)
 |  |  |  |  |  |  |  |     |  |  
 |  |  |  |  |  |  |  |     |  +- _DCMP                (see above)
 |  |  |  |  |  |  |  |     |  |  
 |  |  |  |  |  |  |  |     |  +- _DADD                (see above)
 |  |  |  |  |  |  |  |     |  |  
 |  |  |  |  |  |  |  |     |  +- ldexp               
 |  |  |  |  |  |  |  |     |  |  | 
 |  |  |  |  |  |  |  |     |  |  +- D_PULK               (see above)
 |  |  |  |  |  |  |  |     |  |  |  
 |  |  |  |  |  |  |  |     |  |  +- D_LDEXP             
 |  |  |  |  |  |  |  |     |  |  |    
 |  |  |  |  |  |  |  |     |  |  +- D_STAL               (see above)
 |  |  |  |  |  |  |  |     |  |  |  
 |  |  |  |  |  |  |  |     |  |  +- RetErrDom           
 |  |  |  |  |  |  |  |     |  |       
 |  |  |  |  |  |  |  |     |  +- _DDIV               
 |  |  |  |  |  |  |  |     |  |  | 
 |  |  |  |  |  |  |  |     |  |  +- D_PULL               (see above)
 |  |  |  |  |  |  |  |     |  |  |  
 |  |  |  |  |  |  |  |     |  |  +- D_PULK               (see above)
 |  |  |  |  |  |  |  |     |  |  |  
 |  |  |  |  |  |  |  |     |  |  +- D_DIVKL             
 |  |  |  |  |  |  |  |     |  |  |  | 
 |  |  |  |  |  |  |  |     |  |  |  +- D_MAXK               (see above)
 |  |  |  |  |  |  |  |     |  |  |  |  
 |  |  |  |  |  |  |  |     |  |  |  +- D_NORMK              (see above)
 |  |  |  |  |  |  |  |     |  |  |     
 |  |  |  |  |  |  |  |     |  |  +- D_PSHK               (see above)
 |  |  |  |  |  |  |  |     |  |     
 |  |  |  |  |  |  |  |     |  +- _DMUL                (see above)
 |  |  |  |  |  |  |  |     |  |  
 |  |  |  |  |  |  |  |     |  +- _ILSEXT              (see above)
 |  |  |  |  |  |  |  |     |  |  
 |  |  |  |  |  |  |  |     |  +- _DSFLOAT            
 |  |  |  |  |  |  |  |     |  |  | 
 |  |  |  |  |  |  |  |     |  |  +- SL_PULK              (see above)
 |  |  |  |  |  |  |  |     |  |  |  
 |  |  |  |  |  |  |  |     |  |  +- D_FRLONGK            (see above)
 |  |  |  |  |  |  |  |     |  |  |  
 |  |  |  |  |  |  |  |     |  |  +- D_PSHK_UNARY         (see above)
 |  |  |  |  |  |  |  |     |  |     
 |  |  |  |  |  |  |  |     |  +- _COPY                (see above)
 |  |  |  |  |  |  |  |     |     
 |  |  |  |  |  |  |  |     +- _DMUL                (see above)
 |  |  |  |  |  |  |  |     |  
 |  |  |  |  |  |  |  |     +- exp_r               
 |  |  |  |  |  |  |  |     |  | 
 |  |  |  |  |  |  |  |     |  +- _DCMP                (see above)
 |  |  |  |  |  |  |  |     |  |  
 |  |  |  |  |  |  |  |     |  +- fabs                 (see above)
 |  |  |  |  |  |  |  |     |  |  
 |  |  |  |  |  |  |  |     |  +- _COPY                (see above)
 |  |  |  |  |  |  |  |     |  |  
 |  |  |  |  |  |  |  |     |  +- copysign            
 |  |  |  |  |  |  |  |     |  |  | 
 |  |  |  |  |  |  |  |     |  |  +- _COPY                (see above)
 |  |  |  |  |  |  |  |     |  |     
 |  |  |  |  |  |  |  |     |  +- _DMUL                (see above)
 |  |  |  |  |  |  |  |     |  |  
 |  |  |  |  |  |  |  |     |  +- _DADD                (see above)
 |  |  |  |  |  |  |  |     |  |  
 |  |  |  |  |  |  |  |     |  +- _DSTRUNC             (see above)
 |  |  |  |  |  |  |  |     |  |  
 |  |  |  |  |  |  |  |     |  +- _ILSEXT              (see above)
 |  |  |  |  |  |  |  |     |  |  
 |  |  |  |  |  |  |  |     |  +- _DSFLOAT             (see above)
 |  |  |  |  |  |  |  |     |  |  
 |  |  |  |  |  |  |  |     |  +- _DSUB                (see above)
 |  |  |  |  |  |  |  |     |  |  
 |  |  |  |  |  |  |  |     |  +- _DDIV                (see above)
 |  |  |  |  |  |  |  |     |  |  
 |  |  |  |  |  |  |  |     |  +- ldexp                (see above)
 |  |  |  |  |  |  |  |     |     
 |  |  |  |  |  |  |  |     +- pow_i               
 |  |  |  |  |  |  |  |     |  | 
 |  |  |  |  |  |  |  |     |  +- _COPY                (see above)
 |  |  |  |  |  |  |  |     |  |  
 |  |  |  |  |  |  |  |     |  +- _DDIV                (see above)
 |  |  |  |  |  |  |  |     |  |  
 |  |  |  |  |  |  |  |     |  +- _CASE_CHECKED_BYTE   (see above)
 |  |  |  |  |  |  |  |     |  |  
 |  |  |  |  |  |  |  |     |  +- _DMUL                (see above)
 |  |  |  |  |  |  |  |     |     
 |  |  |  |  |  |  |  |     +- _COPY                (see above)
 |  |  |  |  |  |  |  |        
 |  |  |  |  |  |  |  +- strtol               (see above)
 |  |  |  |  |  |  |     
 |  |  |  |  |  |  +- WebPrepareMsgAnswer 
 |  |  |  |  |  |  |  | 
 |  |  |  |  |  |  |  +- strcpy               (see above)
 |  |  |  |  |  |  |  |  
 |  |  |  |  |  |  |  +- strcat               (see above)
 |  |  |  |  |  |  |  |  
 |  |  |  |  |  |  |  +- sprintf              (see above)
 |  |  |  |  |  |  |  |  
 |  |  |  |  |  |  |  +- strlen               (see above)
 |  |  |  |  |  |  |     
 |  |  |  |  |  |  +- strlen               (see above)
 |  |  |  |  |  |     
 |  |  |  |  |  +- LogsAjax            
 |  |  |  |  |  |  | 
 |  |  |  |  |  |  +- GetNameValuePair     (see above)
 |  |  |  |  |  |  |  
 |  |  |  |  |  |  +- FindTableName        (see above)
 |  |  |  |  |  |  |  
 |  |  |  |  |  |  +- SaveValue            (see above)
 |  |  |  |  |  |  |  
 |  |  |  |  |  |  +- MemGetBuffer         (see above)
 |  |  |  |  |  |  |  
 |  |  |  |  |  |  +- sprintf              (see above)
 |  |  |  |  |  |  |  
 |  |  |  |  |  |  +- FLA_ReadLog          (see above)
 |  |  |  |  |  |  |  
 |  |  |  |  |  |  +- MemFreeBuffer        (see above)
 |  |  |  |  |  |  |  
 |  |  |  |  |  |  +- FLA_ResetLogReadCntr (see above)
 |  |  |  |  |  |  |  
 |  |  |  |  |  |  +- FLA_ResetLogPtr      (see above)
 |  |  |  |  |  |  |  
 |  |  |  |  |  |  +- strcat               (see above)
 |  |  |  |  |  |  |  
 |  |  |  |  |  |  +- strlen               (see above)
 |  |  |  |  |  |  |  
 |  |  |  |  |  |  +- strcpy               (see above)
 |  |  |  |  |  |     
 |  |  |  |  |  +- EventsAjax          
 |  |  |  |  |     | 
 |  |  |  |  |     +- GetNameValuePair     (see above)
 |  |  |  |  |     |  
 |  |  |  |  |     +- FindTableName        (see above)
 |  |  |  |  |     |  
 |  |  |  |  |     +- SaveValue            (see above)
 |  |  |  |  |     |  
 |  |  |  |  |     +- MemGetBuffer         (see above)
 |  |  |  |  |     |  
 |  |  |  |  |     +- sprintf              (see above)
 |  |  |  |  |     |  
 |  |  |  |  |     +- FLA_ReadLogEvent    
 |  |  |  |  |     |  | 
 |  |  |  |  |     |  +- FLA_ReadReg          (see above)
 |  |  |  |  |     |     
 |  |  |  |  |     +- MemFreeBuffer        (see above)
 |  |  |  |  |     |  
 |  |  |  |  |     +- FLA_ResetLogEventReadCntr
 |  |  |  |  |     |    
 |  |  |  |  |     +- FLA_ResetLogEventPtr
 |  |  |  |  |     |  | 
 |  |  |  |  |     |  +- IIC_WriteRTCMem      (see above)
 |  |  |  |  |     |     
 |  |  |  |  |     +- strcat               (see above)
 |  |  |  |  |     |  
 |  |  |  |  |     +- strlen               (see above)
 |  |  |  |  |     |  
 |  |  |  |  |     +- strcpy               (see above)
 |  |  |  |  |        
 |  |  |  |  +- strcmp               (see above)
 |  |  |  |  |  
 |  |  |  |  +- FLA_ReadReg          (see above)
 |  |  |  |  |  
 |  |  |  |  +- strlen               (see above)
 |  |  |  |     
 |  |  |  +- https_loadbuffer    
 |  |  |  |  | 
 |  |  |  |  +- kick_WD              (see above)
 |  |  |  |  |  
 |  |  |  |  +- _ILSEXT              (see above)
 |  |  |  |  |  
 |  |  |  |  +- _LCMP                (see above)
 |  |  |  |  |  
 |  |  |  |  +- FLA_ReadBuff        
 |  |  |  |     | 
 |  |  |  |     +- FLA_ReadBlock       
 |  |  |  |        | 
 |  |  |  |        +- FLA_WaitFree         (see above)
 |  |  |  |        |  
 |  |  |  |        +- _LSHRU              
 |  |  |  |        |    
 |  |  |  |        +- SPI_TransferMsg      (see above)
 |  |  |  |           
 |  |  |  +- tcp_send             (see above)
 |  |  |     
 |  |  +- tcp_getsocket       
 |  |  |  | 
 |  |  |  +- _FPCMP              
 |  |  |       
 |  |  +- kick_WD              (see above)
 |  |  |  
 |  |  +- tcp_listen          
 |  |     | 
 |  |     +- _FPCMP               (see above)
 |  |        
 |  +- tftps_init          
 |  |  | 
 |  |  +- tftps_eventlistener 
 |  |  |  | 
 |  |  |  +- NE64InitializeOffsetToReadRxBuffer
 |  |  |  |    
 |  |  |  +- _CASE_CHECKED        (see above)
 |  |  |  |  
 |  |  |  +- init_timer           (see above)
 |  |  |  |  
 |  |  |  +- flash_bulk_erase    
 |  |  |  |  | 
 |  |  |  |  +- flash_wre           
 |  |  |  |  |  | 
 |  |  |  |  |  +- flash_spi            (see above)
 |  |  |  |  |     
 |  |  |  |  +- flash_spi            (see above)
 |  |  |  |  |  
 |  |  |  |  +- flash_wait_WIP      
 |  |  |  |     | 
 |  |  |  |     +- flash_spi            (see above)
 |  |  |  |     |  
 |  |  |  |     +- kick_WD              (see above)
 |  |  |  |        
 |  |  |  +- tftp_callback_write 
 |  |  |  |  | 
 |  |  |  |  +- _LINC                (see above)
 |  |  |  |  |  
 |  |  |  |  +- NE64ReadByte         (see above)
 |  |  |  |     
 |  |  |  +- flash_program       
 |  |  |  |  | 
 |  |  |  |  +- flash_wre            (see above)
 |  |  |  |  |  
 |  |  |  |  +- flash_spi            (see above)
 |  |  |  |  |  
 |  |  |  |  +- kick_WD              (see above)
 |  |  |  |  |  
 |  |  |  |  +- _LINC                (see above)
 |  |  |  |  |  
 |  |  |  |  +- flash_wait_WIP       (see above)
 |  |  |  |     
 |  |  |  +- tftps_sendack       
 |  |  |  |  | 
 |  |  |  |  +- udp_send            
 |  |  |  |     | 
 |  |  |  |     +- ip_checksum          (see above)
 |  |  |  |     |  
 |  |  |  |     +- ip_checksum_buf      (see above)
 |  |  |  |     |  
 |  |  |  |     +- process_ip_out       (see above)
 |  |  |  |        
 |  |  |  +- tftps_deletesocket  
 |  |  |  |    
 |  |  |  +- tftps_senderror     
 |  |  |  |  | 
 |  |  |  |  +- udp_send             (see above)
 |  |  |  |     
 |  |  |  +- NE64ReadByte         (see above)
 |  |  |     
 |  |  +- udp_getsocket       
 |  |  |  | 
 |  |  |  +- _FPCMP               (see above)
 |  |  |     
 |  |  +- udp_open            
 |  |  |  | 
 |  |  |  +- udp_getfreeport     
 |  |  |       
 |  |  +- get_timer            (see above)
 |  |     
 |  +- TCP_InitSrvSockets  
 |  |  | 
 |  |  +- TCP_ConfigEventlistener
 |  |  |  | 
 |  |  |  +- _CASE_DIRECT_BYTE    (see above)
 |  |  |  |  
 |  |  |  +- TCP_AnalizeConfigMsg
 |  |  |  |  | 
 |  |  |  |  +- NE64ReadByte         (see above)
 |  |  |  |  |  
 |  |  |  |  +- PutEventMsg          (see above)
 |  |  |  |     
 |  |  |  +- TCP_SendCfgBuff      (see above)
 |  |  |     
 |  |  +- tcp_getsocket        (see above)
 |  |  |  
 |  |  +- tcp_listen           (see above)
 |  |  |  
 |  |  +- TCP_SrvTcpEventlistener
 |  |     | 
 |  |     +- sprintf              (see above)
 |  |     |  
 |  |     +- _CASE_DIRECT_BYTE    (see above)
 |  |     |  
 |  |     +- _CASE_SEARCH_8_BYTE  (see above)
 |  |     |  
 |  |     +- TCP_AnalizeSrvTcpMsg
 |  |     |  | 
 |  |     |  +- MemGetBuffer         (see above)
 |  |     |  |  
 |  |     |  +- sprintf              (see above)
 |  |     |  |  
 |  |     |  +- PutEventMsg          (see above)
 |  |     |  |  
 |  |     |  +- MON_ResetIfNotConnected (see above)
 |  |     |  |  
 |  |     |  +- MemSetRouteMark      (see above)
 |  |     |  |  
 |  |     |  +- NE64ReadBytes       
 |  |     |     | 
 |  |     |     +- memcpy               (see above)
 |  |     |        
 |  |     +- PutEventMsg          (see above)
 |  |        
 |  +- UDP_Init            
 |  |  | 
 |  |  +- eeprom_read_buffer   (see above)
 |  |  |  
 |  |  +- UPD_PanelEventlistener
 |  |  |  | 
 |  |  |  +- eeprom_write_buffer  (see above)
 |  |  |  |  
 |  |  |  +- udp_analize_msg     
 |  |  |  |  | 
 |  |  |  |  +- NE64ReadByte         (see above)
 |  |  |  |  |  
 |  |  |  |  +- _LCMP_P              (see above)
 |  |  |  |     
 |  |  |  +- sprintf              (see above)
 |  |  |     
 |  |  +- udp_getsocket        (see above)
 |  |  |  
 |  |  +- udp_open             (see above)
 |  |     
 |  +- DBG_Init            
 |  |  | 
 |  |  +- TMR_SetTimer         (see above)
 |  |     
 |  +- RTI_Enable          
 |  |    
 |  +- TMR_Wait            
 |  |    
 |  +- MemGetBuffer         (see above)
 |  |  
 |  +- sprintf              (see above)
 |  |  
 |  +- PutEventMsg          (see above)
 |  |  
 |  +- UseSWLedRun         
 |  |    
 |  +- NE64ValidFrameReception
 |  |  | 
 |  |  +- mDEQUEUE            
 |  |     | 
 |  |     +- memcpy               (see above)
 |  |        
 |  +- process_arp         
 |  |  | 
 |  |  +- NE64InitializeOffsetToReadRxBuffer (see above)
 |  |  |  
 |  |  +- NE64ReadByte         (see above)
 |  |  |  
 |  |  +- arp_send_response   
 |  |  |  | 
 |  |  |  +- NE64ReadByte         (see above)
 |  |  |  |  
 |  |  |  +- NE64InitializeTransmissionBuffer (see above)
 |  |  |  |  
 |  |  |  +- NE64WriteEthernetHeaderToTxBuffer (see above)
 |  |  |  |  
 |  |  |  +- NE64StartFrameTransmission (see above)
 |  |  |  |  
 |  |  |  +- arp_add             
 |  |  |  |  | 
 |  |  |  |  +- is_subnet            (see above)
 |  |  |  |  |  
 |  |  |  |  +- arp_alloc            (see above)
 |  |  |  |     
 |  |  |  +- NE64WriteByte        (see above)
 |  |  |     
 |  |  +- arp_get_response    
 |  |     | 
 |  |     +- NE64ReadByte         (see above)
 |  |        
 |  +- process_ip_in       
 |  |  | 
 |  |  +- NE64InitializeOffsetToReadRxBuffer (see above)
 |  |  |  
 |  |  +- NE64ReadWord        
 |  |  |    
 |  |  +- ip_check_cs         
 |  |  |  | 
 |  |  |  +- ip_checksum          (see above)
 |  |  |     
 |  |  +- arp_add              (see above)
 |  |  |  
 |  |  +- NE64ReadByte         (see above)
 |  |     
 |  +- process_icmp_in     
 |  |  | 
 |  |  +- NE64InitializeOffsetToReadRxBuffer (see above)
 |  |  |  
 |  |  +- NE64ReadBytes        (see above)
 |  |  |  
 |  |  +- ip_checksum_buf      (see above)
 |  |  |  
 |  |  +- NE64ReadByte         (see above)
 |  |  |  
 |  |  +- ip_checksum          (see above)
 |  |  |  
 |  |  +- process_ip_out       (see above)
 |  |     
 |  +- process_udp_in      
 |  |  | 
 |  |  +- NE64InitializeOffsetToReadRxBuffer (see above)
 |  |  |  
 |  |  +- NE64ReadWord         (see above)
 |  |  |  
 |  |  +- ip_checksum          (see above)
 |  |  |  
 |  |  +- NE64ReadByte         (see above)
 |  |     
 |  +- process_tcp_in      
 |  |  | 
 |  |  +- NE64InitializeOffsetToReadRxBuffer (see above)
 |  |  |  
 |  |  +- tcp_check_cs        
 |  |  |  | 
 |  |  |  +- ip_checksum          (see above)
 |  |  |  |  
 |  |  |  +- NE64ReadBytes        (see above)
 |  |  |  |  
 |  |  |  +- ip_checksum_buf      (see above)
 |  |  |  |  
 |  |  |  +- NE64ReadByte         (see above)
 |  |  |     
 |  |  +- NE64ReadByte         (see above)
 |  |  |  
 |  |  +- tcp_mapsocket       
 |  |  |    
 |  |  +- tcp_sendreset       
 |  |  |  | 
 |  |  |  +- _LINC                (see above)
 |  |  |  |  
 |  |  |  +- tcp_sendcontrol     
 |  |  |     | 
 |  |  |     +- kick_WD              (see above)
 |  |  |     |  
 |  |  |     +- process_tcp_out      (see above)
 |  |  |        
 |  |  +- _CASE_CHECKED        (see above)
 |  |  |  
 |  |  +- _LCMP_P              (see above)
 |  |  |  
 |  |  +- tcp_newstate        
 |  |  |  | 
 |  |  |  +- init_timer           (see above)
 |  |  |     
 |  |  +- tcp_initseq         
 |  |  |    
 |  |  +- _LINC                (see above)
 |  |  |  
 |  |  +- tcp_sendcontrol      (see above)
 |  |  |  
 |  |  +- NE64ReadWord         (see above)
 |  |     
 |  +- NE64FreeReceiveBuffer
 |  |    
 |  +- GetEventMsg         
 |  |    
 |  +- RestoreConfig       
 |  |  | 
 |  |  +- eeprom_write_buffer  (see above)
 |  |  |  
 |  |  +- TMR_Wait             (see above)
 |  |  |  
 |  |  +- MON_ResetBoard       (see above)
 |  |     
 |  +- arp_manage          
 |  |  | 
 |  |  +- check_timer         
 |  |  |    
 |  |  +- _LCMP                (see above)
 |  |  |  
 |  |  +- init_timer           (see above)
 |  |  |  
 |  |  +- arp_send_req         (see above)
 |  |     
 |  +- tcp_poll            
 |  |  | 
 |  |  +- _CASE_CHECKED        (see above)
 |  |  |  
 |  |  +- tcp_newstate         (see above)
 |  |  |  
 |  |  +- init_timer           (see above)
 |  |  |  
 |  |  +- _LINC                (see above)
 |  |  |  
 |  |  +- check_timer          (see above)
 |  |  |  
 |  |  +- _LCMP                (see above)
 |  |  |  
 |  |  +- tcp_sendcontrol      (see above)
 |  |     
 |  +- https_run           
 |  |  | 
 |  |  +- kick_WD              (see above)
 |  |  |  
 |  |  +- tcp_getstate        
 |  |  |    
 |  |  +- tcp_listen           (see above)
 |  |  |  
 |  |  +- tcp_close           
 |  |  |  | 
 |  |  |  +- _LINC                (see above)
 |  |  |  |  
 |  |  |  +- tcp_newstate         (see above)
 |  |  |  |  
 |  |  |  +- tcp_sendcontrol      (see above)
 |  |  |     
 |  |  +- tcp_abort           
 |  |  |  | 
 |  |  |  +- _CASE_DIRECT_BYTE    (see above)
 |  |  |  |  
 |  |  |  +- tcp_sendcontrol      (see above)
 |  |  |  |  
 |  |  |  +- tcp_newstate         (see above)
 |  |  |     
 |  |  +- https_loadbuffer     (see above)
 |  |  |  
 |  |  +- tcp_send             (see above)
 |  |  |  
 |  |  +- https_deletesession  (see above)
 |  |     
 |  +- tftps_run           
 |  |  | 
 |  |  +- check_timer          (see above)
 |  |  |  
 |  |  +- _LCMP                (see above)
 |  |  |  
 |  |  +- tftps_deletesocket   (see above)
 |  |     
 |  +- UDP_Loop            
 |     | 
 |     +- udp_send_buffer     
 |     |  | 
 |     |  +- udp_send             (see above)
 |     |     
 |     +- _CASE_CHECKED_BYTE   (see above)
 |        
 +- _Startup            
    | 
    +- Init                
       | 
       +- _SET_PAGE           
          | 
          +- _GET_PAGE_REG       
               
 _SeudoVect          
 | 
 +- software_trap       
 |    
 +- emac_ec_isr         
 |    
 +- emac_lc_isr         
 |    
 +- emac_b_rx_error_isr 
 |    
 +- emac_rx_b_b_o_isr   
 |    
 +- emac_rx_b_a_o_isr   
 |    
 +- emac_rx_error_isr   
 |    
 +- emac_mii_mtc_isr    
 |    
 +- emac_rx_fc_isr      
 |    
 +- emac_f_tx_c_isr     
 |    
 +- emac_rx_b_b_c_isr   
 |  | 
 |  +- NE64Receive         
 |     | 
 |     +- mENQUEUE            
 |          
 +- emac_rx_b_a_c_isr   
 |  | 
 |  +- NE64Receive          (see above)
 |     
 +- ephy_isr            
 |  | 
 |  +- MIIread              (see above)
 |     
 +- IIC_isr             
 |    
 +- SCI1_isr            
 |  | 
 |  +- PutEventMsg          (see above)
 |  |  
 |  +- TMR_SetTimer         (see above)
 |     
 +- SCI0_isr            
 |  | 
 |  +- PutEventMsg          (see above)
 |  |  
 |  +- TMR_SetTimer         (see above)
 |     
 +- tim0_ch7_isr        
 |  | 
 |  +- TMR_Polling         
 |     | 
 |     +- _FPCMP               (see above)
 |     |  
 |     +- PutEventMsg          (see above)
 |     |  
 |     +- TMR_FreeTimer        (see above)
 |        
 +- RealTimeInterrupt   
 |  | 
 |  +- decrement_timers    
 |     | 
 |     +- _LDEC               
 |          
 +- _Startup             (see above)
    
*********************************************************************************************
STATISTIC SECTION
---------------------------------------------------------------------------------------------

ExeFile:
--------
Number of blocks to be downloaded: 10
Total size of all blocks to be downloaded: 50636

