
PROGRAM "E:\_WORK_COPY\GWYNE64\FW_GWYNE64\FW_GWYNE64_BAC\MOD\bin\FW_GWYNE64_BAC.abs"

*********************************************************************************************
TARGET SECTION
---------------------------------------------------------------------------------------------
Processor   : Motorola HC12
Memory Model: BANKED
File Format : ELF\Dwarf 2.0
Linker      : SmartLinker V-5.0.22 Build 4047, Feb 17 2004

*********************************************************************************************
FILE SECTION
---------------------------------------------------------------------------------------------
CTYPE.C.o (ansibf.lib)                  Model: BANKED,        Lang: ANSI-C
MATH.C.o (ansibf.lib)                   Model: BANKED,        Lang: ANSI-C
PRINTF.C.o (ansibf.lib)                 Model: BANKED,        Lang: ANSI-C
STDLIB.C.o (ansibf.lib)                 Model: BANKED,        Lang: ANSI-C
STRING.C.o (ansibf.lib)                 Model: BANKED,        Lang: ANSI-C
DADD.C.o (ansibf.lib)                   Model: BANKED,        Lang: ANSI-C
DANSI.C.o (ansibf.lib)                  Model: BANKED,        Lang: ANSI-C
DCMP.C.o (ansibf.lib)                   Model: BANKED,        Lang: ANSI-C
DCONV.C.o (ansibf.lib)                  Model: BANKED,        Lang: ANSI-C
DMUL.C.o (ansibf.lib)                   Model: BANKED,        Lang: ANSI-C
DREGS.C.o (ansibf.lib)                  Model: BANKED,        Lang: ANSI-C
FADD.C.o (ansibf.lib)                   Model: BANKED,        Lang: ANSI-C
FCMP.C.o (ansibf.lib)                   Model: BANKED,        Lang: ANSI-C
FCONV.C.o (ansibf.lib)                  Model: BANKED,        Lang: ANSI-C
FMUL.C.o (ansibf.lib)                   Model: BANKED,        Lang: ANSI-C
FREGS.C.o (ansibf.lib)                  Model: BANKED,        Lang: ANSI-C
rtshc12.c.o (ansibf.lib)                Model: BANKED,        Lang: ANSI-C
VREGS.C.o (ansibf.lib)                  Model: BANKED,        Lang: ANSI-C
datapage.c.o                            Model: BANKED,        Lang: ANSI-C
Start12.c.o                             Model: BANKED,        Lang: ANSI-C
dSCIA.c.o                               Model: BANKED,        Lang: ANSI-C
sVectors.c.o                            Model: BANKED,        Lang: ANSI-C
Main.c.o                                Model: BANKED,        Lang: ANSI-C
sAuxFun.c.o                             Model: BANKED,        Lang: ANSI-C
sTimer.c.o                              Model: BANKED,        Lang: ANSI-C
sMemo.c.o                               Model: BANKED,        Lang: ANSI-C
dSPI.c.o                                Model: BANKED,        Lang: ANSI-C
dTCP.c.o                                Model: BANKED,        Lang: ANSI-C
dGPIO.c.o                               Model: BANKED,        Lang: ANSI-C
dSCIB.c.o                               Model: BANKED,        Lang: ANSI-C
dIIC.c.o                                Model: BANKED,        Lang: ANSI-C
pConfig.c.o                             Model: BANKED,        Lang: ANSI-C
dynamic_tools.c.o                       Model: BANKED,        Lang: ANSI-C
DemoCGI.c.o                             Model: BANKED,        Lang: ANSI-C
FileSys.c.o                             Model: BANKED,        Lang: ANSI-C
sDebug.c.o                              Model: BANKED,        Lang: ANSI-C
pModbusTCP.c.o                          Model: BANKED,        Lang: ANSI-C
pBac.c.o                                Model: BANKED,        Lang: ANSI-C
bac_crc.c.o                             Model: BANKED,        Lang: ANSI-C
ne64driver.c.o                          Model: BANKED,        Lang: ANSI-C
ne64api.c.o                             Model: BANKED,        Lang: ANSI-C
arp.c.o                                 Model: BANKED,        Lang: ANSI-C
http_server.c.o                         Model: BANKED,        Lang: ANSI-C
https_callbacks.c.o                     Model: BANKED,        Lang: ANSI-C
icmp.c.o                                Model: BANKED,        Lang: ANSI-C
ip.c.o                                  Model: BANKED,        Lang: ANSI-C
tcp.c.o                                 Model: BANKED,        Lang: ANSI-C
tftps.c.o                               Model: BANKED,        Lang: ANSI-C
udp.c.o                                 Model: BANKED,        Lang: ANSI-C
address.c.o                             Model: BANKED,        Lang: ANSI-C
Init.c.o                                Model: BANKED,        Lang: ANSI-C
mBuf.c.o                                Model: BANKED,        Lang: ANSI-C
os.c.o                                  Model: BANKED,        Lang: ANSI-C
RTI.c.o                                 Model: BANKED,        Lang: ANSI-C
system.c.o                              Model: BANKED,        Lang: ANSI-C
timers.c.o                              Model: BANKED,        Lang: ANSI-C
MC9S12NE64.c.o                          Model: BANKED,        Lang: ANSI-C

*********************************************************************************************
STARTUP SECTION
---------------------------------------------------------------------------------------------
Entry point: 0x4035 (_Startup)
_startupData is allocated at 0x4050 and uses 24 Bytes
extern struct _tagStartup {
  unsigned flags          0
  _PFunc   main           0x5F5E    (main)
  long     stackOffset    0x3FFF
  unsigned nofZeroOut     1
  _Range   pZeroOut       0x2600     6106
  _Copy    *toCopyDownBeg 0x6CD0
  int      nofLibInits    0
  _LibInit *libInits      0x406D
  int      nofInitBodies  0
  _Cpp     *initBodies    0x406F
  int      nofFiniBodies  0
  _Cpp     *finiBodies    0x406F
} _startupData;

*********************************************************************************************
SECTION-ALLOCATION SECTION
Section Name                    Size  Type     From       To       Segment
---------------------------------------------------------------------------------------------
.init                             80     R     0x4000     0x404F   ROM_4000
.startData                        31     R     0x4050     0x406E   ROM_4000
.rodata                         2034     R     0x406F     0x4860   ROM_4000
.rodata1                        2109     R     0x4861     0x509D   ROM_4000
NON_BANKED                      7218     R     0x509E     0x6CCF   ROM_4000
.copy                             49     R     0x6CD0     0x6D00   ROM_4000
.text                          15751     R   0x3C8080   0x3CBE06   PAGE_3C
.data                             42   R/W     0x2600     0x2629   RAM
VERSION_ROM                      100     R   0x3C8000   0x3C8063   ROM_VER
.abs_section_ef80                128     R     0xEF80     0xEFFF   .absSeg0
.abs_section_2000                512   N/I     0x2000     0x21FF   .absSeg1
.abs_section_2200                512   N/I     0x2200     0x23FF   .absSeg2
.abs_section_2400                512   N/I     0x2400     0x25FF   .absSeg3
.abs_section_3f                    1   N/I       0x3F       0x3F   .absSeg4
.abs_section_86                    1   N/I       0x86       0x86   .absSeg5
.abs_section_8b                    1   N/I       0x8B       0x8B   .absSeg6
.abs_section_8a                    1   N/I       0x8A       0x8A   .absSeg7
.abs_section_89                    1   N/I       0x89       0x89   .absSeg8
.abs_section_41                    1   N/I       0x41       0x41   .absSeg9
.abs_section_39                    1   N/I       0x39       0x39   .absSeg10
.abs_section_3c                    1   N/I       0x3C       0x3C   .absSeg11
.abs_section_37                    1   N/I       0x37       0x37   .absSeg12
.abs_section_38                    1   N/I       0x38       0x38   .absSeg13
.abs_section_20                    1   N/I       0x20       0x20   .absSeg14
.abs_section_28                    1   N/I       0x28       0x28   .absSeg15
.abs_section_29                    1   N/I       0x29       0x29   .absSeg16
.abs_section_2a                    1   N/I       0x2A       0x2A   .absSeg17
.abs_section_2d                    1   N/I       0x2D       0x2D   .absSeg18
.abs_section_25                    1   N/I       0x25       0x25   .absSeg19
.abs_section_24                    1   N/I       0x24       0x24   .absSeg20
.abs_section_21                    1   N/I       0x21       0x21   .absSeg21
.abs_section_9                     1   N/I        0x9        0x9   .absSeg22
.abs_section_252                   1   N/I      0x252      0x252   .absSeg23
.abs_section_25a                   1   N/I      0x25A      0x25A   .absSeg24
.abs_section_262                   1   N/I      0x262      0x262   .absSeg25
.abs_section_33                    1   N/I       0x33       0x33   .absSeg26
.abs_section_26a                   1   N/I      0x26A      0x26A   .absSeg27
.abs_section_24a                   1   N/I      0x24A      0x24A   .absSeg28
.abs_section_242                   1   N/I      0x242      0x242   .absSeg29
.abs_section_e                     1   N/I        0xE        0xE   .absSeg30
.abs_section_120                   1   N/I      0x120      0x120   .absSeg31
.abs_section_121                   1   N/I      0x121      0x121   .absSeg32
.abs_section_122                   1   N/I      0x122      0x122   .absSeg33
.abs_section_145                   1   N/I      0x145      0x145   .absSeg34
.abs_section_100                   1   N/I      0x100      0x100   .absSeg35
.abs_section_106                   1   N/I      0x106      0x106   .absSeg36
.abs_section_103                   1   N/I      0x103      0x103   .absSeg37
.abs_section_104                   1   N/I      0x104      0x104   .absSeg38
.abs_section_101                   1   N/I      0x101      0x101   .absSeg39
.abs_section_105                   1   N/I      0x105      0x105   .absSeg40
.abs_section_1f                    1   N/I       0x1F       0x1F   .absSeg41
.abs_section_e0                    1   N/I       0xE0       0xE0   .absSeg42
.abs_section_e2                    1   N/I       0xE2       0xE2   .absSeg43
.abs_section_e4                    1   N/I       0xE4       0xE4   .absSeg44
.abs_section_e1                    1   N/I       0xE1       0xE1   .absSeg45
.abs_section_e3                    1   N/I       0xE3       0xE3   .absSeg46
.abs_section_11                    1   N/I       0x11       0x11   .absSeg47
.abs_section_10                    1   N/I       0x10       0x10   .absSeg48
.abs_section_1e                    1   N/I       0x1E       0x1E   .absSeg49
.abs_section_15                    1   N/I       0x15       0x15   .absSeg50
.abs_section_16                    1   N/I       0x16       0x16   .absSeg51
.abs_section_156                   1   N/I      0x156      0x156   .absSeg52
.abs_section_1c                    1   N/I       0x1C       0x1C   .absSeg53
.abs_section_1d                    1   N/I       0x1D       0x1D   .absSeg54
.abs_section_13                    1   N/I       0x13       0x13   .absSeg55
.abs_section_b                     1   N/I        0xB        0xB   .absSeg56
.abs_section_150                   1   N/I      0x150      0x150   .absSeg57
.abs_section_151                   1   N/I      0x151      0x151   .absSeg58
.abs_section_14                    1   N/I       0x14       0x14   .absSeg59
.abs_section_17                    1   N/I       0x17       0x17   .absSeg60
.abs_section_140                   1   N/I      0x140      0x140   .absSeg61
.abs_section_43                    1   N/I       0x43       0x43   .absSeg62
.abs_section_42                    1   N/I       0x42       0x42   .absSeg63
.abs_section_60                    1   N/I       0x60       0x60   .absSeg64
.abs_section_61                    1   N/I       0x61       0x61   .absSeg65
.abs_section_1a                    1   N/I       0x1A       0x1A   .absSeg66
.abs_section_1b                    1   N/I       0x1B       0x1B   .absSeg67
.abs_section_a                     1   N/I        0xA        0xA   .absSeg68
.abs_section_254                   1   N/I      0x254      0x254   .absSeg69
.abs_section_25c                   1   N/I      0x25C      0x25C   .absSeg70
.abs_section_264                   1   N/I      0x264      0x264   .absSeg71
.abs_section_26c                   1   N/I      0x26C      0x26C   .absSeg72
.abs_section_24c                   1   N/I      0x24C      0x24C   .absSeg73
.abs_section_244                   1   N/I      0x244      0x244   .absSeg74
.abs_section_256                   1   N/I      0x256      0x256   .absSeg75
.abs_section_25e                   1   N/I      0x25E      0x25E   .absSeg76
.abs_section_266                   1   N/I      0x266      0x266   .absSeg77
.abs_section_257                   1   N/I      0x257      0x257   .absSeg78
.abs_section_25f                   1   N/I      0x25F      0x25F   .absSeg79
.abs_section_267                   1   N/I      0x267      0x267   .absSeg80
.abs_section_3a                    1   N/I       0x3A       0x3A   .absSeg81
.abs_section_8f                    1   N/I       0x8F       0x8F   .absSeg82
.abs_section_8                     1   N/I        0x8        0x8   .absSeg83
.abs_section_32                    1   N/I       0x32       0x32   .absSeg84
.abs_section_30                    1   N/I       0x30       0x30   .absSeg85
.abs_section_255                   1   N/I      0x255      0x255   .absSeg86
.abs_section_25d                   1   N/I      0x25D      0x25D   .absSeg87
.abs_section_265                   1   N/I      0x265      0x265   .absSeg88
.abs_section_26d                   1   N/I      0x26D      0x26D   .absSeg89
.abs_section_24d                   1   N/I      0x24D      0x24D   .absSeg90
.abs_section_245                   1   N/I      0x245      0x245   .absSeg91
.abs_section_250                   1   N/I      0x250      0x250   .absSeg92
.abs_section_258                   1   N/I      0x258      0x258   .absSeg93
.abs_section_251                   1   N/I      0x251      0x251   .absSeg94
.abs_section_259                   1   N/I      0x259      0x259   .absSeg95
.abs_section_261                   1   N/I      0x261      0x261   .absSeg96
.abs_section_269                   1   N/I      0x269      0x269   .absSeg97
.abs_section_249                   1   N/I      0x249      0x249   .absSeg98
.abs_section_241                   1   N/I      0x241      0x241   .absSeg99
.abs_section_260                   1   N/I      0x260      0x260   .absSeg100
.abs_section_268                   1   N/I      0x268      0x268   .absSeg101
.abs_section_248                   1   N/I      0x248      0x248   .absSeg102
.abs_section_240                   1   N/I      0x240      0x240   .absSeg103
.abs_section_c                     1   N/I        0xC        0xC   .absSeg104
.abs_section_253                   1   N/I      0x253      0x253   .absSeg105
.abs_section_25b                   1   N/I      0x25B      0x25B   .absSeg106
.abs_section_d                     1   N/I        0xD        0xD   .absSeg107
.abs_section_263                   1   N/I      0x263      0x263   .absSeg108
.abs_section_26b                   1   N/I      0x26B      0x26B   .absSeg109
.abs_section_24b                   1   N/I      0x24B      0x24B   .absSeg110
.abs_section_243                   1   N/I      0x243      0x243   .absSeg111
.abs_section_35                    1   N/I       0x35       0x35   .absSeg112
.abs_section_3b                    1   N/I       0x3B       0x3B   .absSeg113
.abs_section_143                   1   N/I      0x143      0x143   .absSeg114
.abs_section_ca                    1   N/I       0xCA       0xCA   .absSeg115
.abs_section_cb                    1   N/I       0xCB       0xCB   .absSeg116
.abs_section_ce                    1   N/I       0xCE       0xCE   .absSeg117
.abs_section_cf                    1   N/I       0xCF       0xCF   .absSeg118
.abs_section_cc                    1   N/I       0xCC       0xCC   .absSeg119
.abs_section_cd                    1   N/I       0xCD       0xCD   .absSeg120
.abs_section_d2                    1   N/I       0xD2       0xD2   .absSeg121
.abs_section_d3                    1   N/I       0xD3       0xD3   .absSeg122
.abs_section_d6                    1   N/I       0xD6       0xD6   .absSeg123
.abs_section_d7                    1   N/I       0xD7       0xD7   .absSeg124
.abs_section_d4                    1   N/I       0xD4       0xD4   .absSeg125
.abs_section_d5                    1   N/I       0xD5       0xD5   .absSeg126
.abs_section_da                    1   N/I       0xDA       0xDA   .absSeg127
.abs_section_d8                    1   N/I       0xD8       0xD8   .absSeg128
.abs_section_d9                    1   N/I       0xD9       0xD9   .absSeg129
.abs_section_dd                    1   N/I       0xDD       0xDD   .absSeg130
.abs_section_db                    1   N/I       0xDB       0xDB   .absSeg131
.abs_section_14e                   1   N/I      0x14E      0x14E   .absSeg132
.abs_section_34                    1   N/I       0x34       0x34   .absSeg133
.abs_section_48                    1   N/I       0x48       0x48   .absSeg134
.abs_section_4a                    1   N/I       0x4A       0x4A   .absSeg135
.abs_section_4e                    1   N/I       0x4E       0x4E   .absSeg136
.abs_section_4f                    1   N/I       0x4F       0x4F   .absSeg137
.abs_section_4c                    1   N/I       0x4C       0x4C   .absSeg138
.abs_section_40                    1   N/I       0x40       0x40   .absSeg139
.abs_section_46                    1   N/I       0x46       0x46   .absSeg140
.abs_section_4d                    1   N/I       0x4D       0x4D   .absSeg141
.abs_section_47                    1   N/I       0x47       0x47   .absSeg142
.abs_section_144                   1   N/I      0x144      0x144   .absSeg143
.abs_section_26e                   1   N/I      0x26E      0x26E   .absSeg144
.abs_section_24e                   1   N/I      0x24E      0x24E   .absSeg145
.abs_section_82                    2   N/I       0x82       0x83   .absSeg146
.abs_section_84                    2   N/I       0x84       0x85   .absSeg147
.abs_section_8c                    2   N/I       0x8C       0x8D   .absSeg148
.abs_section_90                    2   N/I       0x90       0x91   .absSeg149
.abs_section_92                    2   N/I       0x92       0x93   .absSeg150
.abs_section_94                    2   N/I       0x94       0x95   .absSeg151
.abs_section_96                    2   N/I       0x96       0x97   .absSeg152
.abs_section_98                    2   N/I       0x98       0x99   .absSeg153
.abs_section_9a                    2   N/I       0x9A       0x9B   .absSeg154
.abs_section_9c                    2   N/I       0x9C       0x9D   .absSeg155
.abs_section_9e                    2   N/I       0x9E       0x9F   .absSeg156
.abs_section_158                   2   N/I      0x158      0x159   .absSeg157
.abs_section_2b                    2   N/I       0x2B       0x2C   .absSeg158
.abs_section_2e                    2   N/I       0x2E       0x2F   .absSeg159
.abs_section_26                    2   N/I       0x26       0x27   .absSeg160
.abs_section_22                    2   N/I       0x22       0x23   .absSeg161
.abs_section_2                     2   N/I        0x2        0x3   .absSeg162
.abs_section_16e                   2   N/I      0x16E      0x16F   .absSeg163
.abs_section_146                   2   N/I      0x146      0x147   .absSeg164
.abs_section_14a                   2   N/I      0x14A      0x14B   .absSeg165
.abs_section_14c                   2   N/I      0x14C      0x14D   .absSeg166
.abs_section_16c                   2   N/I      0x16C      0x16D   .absSeg167
.abs_section_16a                   2   N/I      0x16A      0x16B   .absSeg168
.abs_section_168                   2   N/I      0x168      0x169   .absSeg169
.abs_section_166                   2   N/I      0x166      0x167   .absSeg170
.abs_section_164                   2   N/I      0x164      0x165   .absSeg171
.abs_section_162                   2   N/I      0x162      0x163   .absSeg172
.abs_section_160                   2   N/I      0x160      0x161   .absSeg173
.abs_section_154                   2   N/I      0x154      0x155   .absSeg174
.abs_section_152                   2   N/I      0x152      0x153   .absSeg175
.abs_section_62                    2   N/I       0x62       0x63   .absSeg176
.abs_section_0                     2   N/I        0x0        0x1   .absSeg177
.abs_section_148                   2   N/I      0x148      0x149   .absSeg178
.abs_section_15a                   2   N/I      0x15A      0x15B   .absSeg179
.abs_section_15c                   2   N/I      0x15C      0x15D   .absSeg180
.abs_section_c8                    2   N/I       0xC8       0xC9   .absSeg181
.abs_section_d0                    2   N/I       0xD0       0xD1   .absSeg182
.abs_section_58                    2   N/I       0x58       0x59   .absSeg183
.abs_section_5a                    2   N/I       0x5A       0x5B   .absSeg184
.abs_section_5c                    2   N/I       0x5C       0x5D   .absSeg185
.abs_section_5e                    2   N/I       0x5E       0x5F   .absSeg186
.abs_section_44                    2   N/I       0x44       0x45   .absSeg187
.abs_section_15e                   2   N/I      0x15E      0x15F   .absSeg188
.bss                              12   R/W     0x262A     0x2635   RAM
.common                         6052   R/W     0x2636     0x3DD9   RAM
.stack                             1   R/W     0x3FFF     0x3FFF   .stackSeg
PAGE_3D_189                    15929     R   0x3D8000   0x3DBE38   PAGE_3D

Summary of section sizes per section type:
READ_ONLY (R):        A9A5 (dec:    43429)
READ_WRITE (R/W):     17DB (dec:     6107)
NO_INIT (N/I):         6E4 (dec:     1764)

*********************************************************************************************
VECTOR-ALLOCATION SECTION
    Address     InitValue   InitFunction
---------------------------------------------------------------------------------------------

*********************************************************************************************
OBJECT-ALLOCATION SECTION
     Name               Module                 Addr   hSize   dSize     Ref    Section   RLIB
---------------------------------------------------------------------------------------------
MODULE:                 -- CTYPE.C.o (ansibf.lib) --
- PROCEDURES:
     isdigit                                 3C8080       C      12       4   .text       
     isspace                                 3C808C      15      21       4   .text       
     toupper                                 3C80A1      14      20       6   .text       
- VARIABLES:
MODULE:                 -- MATH.C.o (ansibf.lib) --
- PROCEDURES:
     copysign                                3C80B5      34      52       2   .text       
     fabs                                    3C80E9      1C      28      10   .text       
     isint                                   3C8105      52      82       6   .text       
     is_special                              3C8157      53      83       4   .text       
     pow_i                                   3C81AA     15F     351      12   .text       
     exp_r                                   3C8309     427    1063      26   .text       
     log_r                                   3C8730     355     853      29   .text       
     pow                                     3C8A85     351     849      38   .text       
- VARIABLES:
     infinity                                  406F       8       8      12   .rodata     
     nan_union                                 4077       8       8       8   .rodata     
MODULE:                 -- PRINTF.C.o (ansibf.lib) --
- PROCEDURES:
     Ten                                     3C8DD6      F2     242      15   .text       
     vprintf                                 3C8EC8     A5E    2654     162   .text       
     _out                                    3C9926       C      12       2   .text       
     deposit_char                            3C9932       F      15       3   .text       
     sprintf                                 3C9941      2F      47      44   .text       
- VARIABLES:
     pow10                                     407F      28      40       5   .rodata     
     pow16                                     40A7      20      32       3   .rodata     
     pow8                                      40C7      2C      44       3   .rodata     
     fpow10                                    40F3      60      96       1   .rodata     
     fpow_10                                   4153      60      96       1   .rodata     
     pbuf                                      2636       7       7      16   .common     
MODULE:                 -- STDLIB.C.o (ansibf.lib) --
- PROCEDURES:
     CheckCharWithBase                       3C9970      3A      58       2   .text       
     _strtoul                                3C99AA     176     374      11   .text       
     _strtol                                 3C9B20      CB     203       4   .text       
     strtol                                  3C9BEB      14      20       4   .text       
- VARIABLES:
MODULE:                 -- STRING.C.o (ansibf.lib) --
- PROCEDURES:
     memcpy                                  3C9BFF      26      38      44   .text       
     memset                                  3C9C25      1E      30       2   .text       
     strlen                                  3C9C43      14      20       8   .text       
     strcat                                  3C9C57      19      25      14   .text       
     strcpy                                  3C9C70      11      17      12   .text       
     strcmp                                  3C9C81      33      51       6   .text       
- VARIABLES:
MODULE:                 -- DADD.C.o (ansibf.lib) --
- PROCEDURES:
     D_ADDKL                                   509E      CB     203       1   NON_BANKED  
     _DADD                                     5169      11      17      20   NON_BANKED  
     _DSUB                                     517A      19      25       7   NON_BANKED  
     _DNEG                                     5193      28      40       4   NON_BANKED  
- VARIABLES:
MODULE:                 -- DANSI.C.o (ansibf.lib) --
- PROCEDURES:
     D_MODF                                    51BB      69     105       1   NON_BANKED  
     D_FREXP                                   5224      20      32       1   NON_BANKED  
     D_LDEXP                                   5244      11      17       1   NON_BANKED  
     modf                                      5255      21      33       1   NON_BANKED  
     frexp                                     5276      21      33       2   NON_BANKED  
     RetErrDom                                 5297      1F      31       1   NON_BANKED  
     ldexp                                     52B6      28      40       3   NON_BANKED  
- VARIABLES:
MODULE:                 -- DCMP.C.o (ansibf.lib) --
- PROCEDURES:
     _DCMP                                     52DE      30      48       9   NON_BANKED  
- VARIABLES:
MODULE:                 -- DCONV.C.o (ansibf.lib) --
- PROCEDURES:
     D_TOLONGK                                 530E      33      51       1   NON_BANKED  
     D_FRLONGK                                 5341      19      25       2   NON_BANKED  
     _DSFLOAT                                  535A      14      20       2   NON_BANKED  
     _DUFLOAT                                  536E      14      20       2   NON_BANKED  
     _DSTRUNC                                  5382      19      25       3   NON_BANKED  
     _DUTRUNC                                  539B       3       3       3   NON_BANKED  
     D_PSHK_UNARY                              539E      1E      30       2   NON_BANKED  
     D_CLRK_UNARY                              53BC       D      13       2   NON_BANKED  
     D_MAXK_UNARY                              53C9       A      10       1   NON_BANKED  
     D_NORMK_UNARY                             53D3      5C      92       1   NON_BANKED  
- VARIABLES:
MODULE:                 -- DMUL.C.o (ansibf.lib) --
- PROCEDURES:
     D_DIVKL                                   542F      F5     245       2   NON_BANKED  
     D_MULKL                                   5524      90     144       1   NON_BANKED  
     _DMUL                                     55B4      11      17      26   NON_BANKED  
     _DDIV                                     55C5      11      17       4   NON_BANKED  
- VARIABLES:
MODULE:                 -- DREGS.C.o (ansibf.lib) --
- PROCEDURES:
     D_PULK                                    55D6      29      41       6   NON_BANKED  
     D_PULL                                    55FF      25      37       4   NON_BANKED  
     D_PSHK                                    5624      23      35       3   NON_BANKED  
     D_STAL                                    5647      2A      42       4   NON_BANKED  
     D_TKL                                     5671      1C      28       2   NON_BANKED  
     D_XGKL                                    568D      39      57       2   NON_BANKED  
     D_CLRK                                    56C6      13      19       4   NON_BANKED  
     D_CLRL                                    56D9      10      16       1   NON_BANKED  
     D_MAXK                                    56E9       A      10       2   NON_BANKED  
     D_NORMK                                   56F3      8F     143       6   NON_BANKED  
- VARIABLES:
MODULE:                 -- FADD.C.o (ansibf.lib) --
- PROCEDURES:
     F_ADDKL                                   5782      67     103       1   NON_BANKED  
     _FADD                                     57E9      15      21       4   NON_BANKED  
     _FNEG                                     57FE       B      11       1   NON_BANKED  
- VARIABLES:
MODULE:                 -- FCMP.C.o (ansibf.lib) --
- PROCEDURES:
     _FCMP                                     5809      27      39       2   NON_BANKED  
- VARIABLES:
MODULE:                 -- FCONV.C.o (ansibf.lib) --
- PROCEDURES:
     F_TOLONGK                                 5830      33      51       1   NON_BANKED  
     F_FRLONGK                                 5863      1F      31       2   NON_BANKED  
     _FSFLOAT                                  5882      12      18       3   NON_BANKED  
     _FUFLOAT                                  5894      12      18       3   NON_BANKED  
     _FSTRUNC                                  58A6      11      17       3   NON_BANKED  
     _FUTRUNC                                  58B7       3       3       2   NON_BANKED  
- VARIABLES:
MODULE:                 -- FMUL.C.o (ansibf.lib) --
- PROCEDURES:
     F_DIVKL                                   58BA      8E     142       1   NON_BANKED  
     F_MULKL                                   5948      58      88       1   NON_BANKED  
     _FMUL                                     59A0      14      20      10   NON_BANKED  
     _FDIV                                     59B4      1E      30       2   NON_BANKED  
- VARIABLES:
MODULE:                 -- FREGS.C.o (ansibf.lib) --
- PROCEDURES:
     F_PULK                                    59D2      21      33       4   NON_BANKED  
     F_PULL                                    59F3      21      33       3   NON_BANKED  
     F_PSHK                                    5A14      13      19       5   NON_BANKED  
     F_XGKL                                    5A27      21      33       2   NON_BANKED  
     F_CLRK                                    5A48       B      11       2   NON_BANKED  
     F_MAXK                                    5A53       9       9       2   NON_BANKED  
     F_NORMK                                   5A5C      3E      62       3   NON_BANKED  
- VARIABLES:
MODULE:                 -- rtshc12.c.o (ansibf.lib) --
- PROCEDURES:
     _ISHRS                                    5A9A       C      12       1   NON_BANKED  
     _LSHL                                     5AA6      11      17       4   NON_BANKED  
     _LSHRU                                    5AB7      11      17       1   NON_BANKED  
     _LCMP                                     5AC8      19      25       6   NON_BANKED  
     _LCMP_P                                   5AE1      15      21       5   NON_BANKED  
     _LNEG                                     5AF6       D      13       2   NON_BANKED  
     _LCOM                                     5B03       9       9       1   NON_BANKED  
     _LINC                                     5B0C       5       5      15   NON_BANKED  
     _LDEC                                     5B11       8       8       2   NON_BANKED  
     _LMUL                                     5B19      27      39       2   NON_BANKED  
     _lDivMod                                  5B40      E3     227       4   NON_BANKED  
     _LDIVU                                    5C23       E      14       3   NON_BANKED  
     _NEG_P                                    5C31       F      15       4   NON_BANKED  
     _LMODU                                    5C40      11      17       1   NON_BANKED  
     _LMODS                                    5C51      2A      42       1   NON_BANKED  
     _ILSEXT                                   5C7B       7       7      14   NON_BANKED  
     _COPY                                     5C82       8       8      19   NON_BANKED  
     _CASE_DIRECT_BYTE                         5C8A       5       5       4   NON_BANKED  
     _CASE_CHECKED                             5C8F       B      11       4   NON_BANKED  
     _CASE_CHECKED_BYTE                        5C9A      14      20       4   NON_BANKED  
     _CASE_SEARCH_8                            5CAE      17      23       3   NON_BANKED  
     _CASE_SEARCH_8_BYTE                       5CC5      1A      26       3   NON_BANKED  
     _FPCMP                                    5CDF       8       8       6   NON_BANKED  
- VARIABLES:
MODULE:                 -- VREGS.C.o (ansibf.lib) --
- PROCEDURES:
     L_NEGK                                    5CE7       7       7       2   NON_BANKED  
     L_PSHK                                    5CEE       8       8       2   NON_BANKED  
     UL_PULK                                   5CF6       3       3       2   NON_BANKED  
     SL_PULK                                   5CF9       A      10       2   NON_BANKED  
- VARIABLES:
     errno                                     263D       2       2       6   .common     
MODULE:                 -- datapage.c.o --
- PROCEDURES:
     _GET_PAGE_REG                             5D03      1A      26       1   NON_BANKED  
     _SET_PAGE                                 5D1D       9       9       2   NON_BANKED  
- VARIABLES:
MODULE:                 -- Start12.c.o --
- PROCEDURES:
     Init                                      4000      35      53       1   .init       
     _Startup                                  4035      1B      27       2   .init       
- VARIABLES:
     _startupData                              4050      18      24       6   .startData  
MODULE:                 -- dSCIA.c.o --
- PROCEDURES:
     f_SCIAIdleTimeout                         5D26       1       1       2   NON_BANKED  
     SCIA_TransmitBuffer                       5D27      41      65       2   NON_BANKED  
     SCIA_ReceiveFrame                         5D68      2B      43       2   NON_BANKED  
     SCIA_Init                                 5D93      75     117       2   NON_BANKED  
     SCIA_ReInit                               5E08      72     114       4   NON_BANKED  
     SCI1_isr                                  5E7A      E2     226       3   NON_BANKED  
- VARIABLES:
     SCIAProc_IDLE                             41B3       A      10       2   .rodata     
     SCIA_RxByteCount                          263F       2       2       7   .common     
     SCIA_RxByteIdx                            2641       1       1       4   .common     
     SCIA_TxByteCount                          2642       2       2       7   .common     
     SCIA_TmpVar                               2644       1       1       6   .common     
     m_SCIA_SCISR1                             2645       1       1       3   .common     
     SCIA_FrameToRx                            2646       2       2       7   .common     
     SCIA_FrameToTx                            2648       2       2       6   .common     
     SCIA_RX_FrameTimerID                      264A       1       1       1   .common     
     SCIA_LastRxByte                           264B       1       1       3   .common     
     SCIA_TxErrAcc                             264C       1       1       1   .common     
     SCIA_RxErrAcc                             264D       1       1       1   .common     
     SCIA_CurrentTxToken                       264E       1       1       4   .common     
     SCIA_CurrentRxToken                       264F       1       1       2   .common     
MODULE:                 -- sVectors.c.o --
- PROCEDURES:
     software_trap                             5F5C       2       2      45   NON_BANKED  
- VARIABLES:
     _SeudoVect                                EF80      80     128       0   .abs_section_ef80
MODULE:                 -- Main.c.o --
- PROCEDURES:
     main                                      5F5E     423    1059      15   NON_BANKED  
     GetEventMsg                               6381      40      64       2   NON_BANKED  
     PutEventMsg                               63C1      53      83      38   NON_BANKED  
     f_Consume                                 6414       1       1      14   NON_BANKED  
     RestoreConfig                             6415      68     104       2   NON_BANKED  
- VARIABLES:
     STRING.SYS_STARTUP.RstWdog..1             4861      27      39       1   .rodata1    
     LEDcounter                                262A       2       2       3   .bss        
     EventMsgQueue                             2650      B4     180       8   .common     
     EventMsgCtrl                              2704       3       3      17   .common     
     CurrentMsg                                2707       6       6      18   .common     
     CurrentProcessState                       270D       E      14      12   .common     
     EventInCurrentState                       271B       2       2       4   .common     
     FirstEventInCurrentState                  271D       2       2       2   .common     
     PeriodicTimer                             271F       2       2       6   .common     
     DummyVar                                  2721       2       2       1   .common     
     DummyPtr                                  2723       2       2       1   .common     
     RestoreSwitchCounter                      2725       1       1       5   .common     
     SYS_ConfigParam                           2726      14      20      39   .common     
     StatisticData                             273A      1F      31      66   .common     
     dwIntegrityMonitor                        2759       4       4       8   .common     
     bac_data                                  275D     600    1536       6   .common     
     HwVer                                     2D5D      10      16       2   .common     
     HwSerial                                  2D6D      10      16       2   .common     
     EventFunction                             2D7D       3       3       3   .common     
     localmachine                              2D80      12      18      57   .common     
MODULE:                 -- sAuxFun.c.o --
- PROCEDURES:
     SYS_AuxGlobalInit                         647D      37      55       2   NON_BANKED  
- VARIABLES:
     BaudCode2RegVal                           41BD      20      32       4   .rodata     
MODULE:                 -- sTimer.c.o --
- PROCEDURES:
     TMR_Init                                  64B4      47      71       2   NON_BANKED  
     TMR_SetTimer                              64FB      E4     228      33   NON_BANKED  
     TMR_FreeTimer                             65DF      E5     229      23   NON_BANKED  
     TMR_Polling                               66C4      E7     231       3   NON_BANKED  
     TMR_Wait                                  67AB      12      18       8   NON_BANKED  
     tim0_ch7_isr                              67BD      48      72       1   NON_BANKED  
- VARIABLES:
     TmrArray                                  2D92      DC     220      56   .common     
     TmrAvailable                              2E6E       1       1      10   .common     
     TmrInUse                                  2E6F       1       1      12   .common     
     TmrWaitVar                                2E70       2       2       4   .common     
MODULE:                 -- sMemo.c.o --
- PROCEDURES:
     SYS_MemoInit                              6805      2D      45       2   NON_BANKED  
     MemGetBuffer                              6832      46      70      12   NON_BANKED  
     MemFreeBuffer                             6878      14      20      16   NON_BANKED  
     MemGetBufferPtr                           688C      1D      29      14   NON_BANKED  
- VARIABLES:
     sBuffersPooles                            2E72      14      20      10   .common     
     saBuffersData                             2E86     50A    1290       1   .common     
     bMemBuffersInUse                          3390       1       1       4   .common     
MODULE:                 -- dSPI.c.o --
- PROCEDURES:
     init_serial_memories                    3C9CB4      1D      29       2   .text       
     FLA_Init                                3C9CD1      67     103       2   .text       
     flash_spi                               3C9D38      11      17      22   .text       
     SPI_TransferMsg                         3C9D49      52      82      10   .text       
     FLA_WaitFree                            3C9D9B      1E      30       6   .text       
     FLA_SaveLog                             3C9DB9      88     136       2   .text       
     FLA_SaveLogFixed                        3C9E41      8A     138       2   .text       
     FLA_ReadLog                             3C9ECB      43      67       2   .text       
     FLA_ResetLogReadCntr                    3C9F0E      60      96       2   .text       
     FLA_ResetLogPtr                         3C9F6E      3B      59       2   .text       
     FLA_SaveReg                             3C9FA9      52      82       6   .text       
     FLA_ReadReg                             3C9FFB      44      68       6   .text       
     FLA_ReadBuff                            3CA03F      75     117       2   .text       
     FLA_ReadBlock                           3CA0B4      71     113       6   .text       
     flash_wre                               3CA125       F      15       4   .text       
     flash_wait_WIP                          3CA134      1E      30       4   .text       
     flash_bulk_erase                        3CA152      17      23       2   .text       
     flash_program                           3CA169      7B     123       2   .text       
     eeprom_spi                              3CA1E4      11      17      22   .text       
     eeprom_wre                              3CA1F5       D      13       4   .text       
     eeprom_wait_WIP                         3CA202      1C      28       4   .text       
     eeprom_unlock                           3CA21E      22      34       2   .text       
     eeprom_read_buffer                      3CA240      46      70      98   .text       
     eeprom_write_buffer                     3CA286      75     117      82   .text       
- VARIABLES:
     LOG_TextId                                41DD       E      14       1   .rodata     
     STRING.LOG.Evento.general.s.1             4888      23      35       1   .rodata1    
     STRING.TCP.Comando.TCP.CONN.2             48AB      23      35       1   .rodata1    
     STRING.TCP.Comando.TCP.CLOS.3             48CE      23      35       1   .rodata1    
     STRING.TCP.Comando.TCP.ABOR.4             48F1      23      35       1   .rodata1    
     STRING.TCP.Comando.TCP.REGE.5             4914      26      38       1   .rodata1    
     STRING.TCP.ERROR..no.hay.bu.6             493A      28      40       1   .rodata1    
     STRING.TCP.ERROR..buffer.co.7             4962      29      41       1   .rodata1    
     FLA_LogsPtr                               3391       6       6      50   .common     
     SpiBuf                                    3397       9       9      28   .common     
MODULE:                 -- dTCP.c.o --
- PROCEDURES:
     TCP_Init                                3CA2FB      83     131       2   .text       
     TCP_StopWhileProc                       3CA37E       4       4       3   .text       
     TCP_AnalizeSrvTcpMsg                    3CA382      78     120       2   .text       
     TCP_RetransmitSrvTcpMsg                 3CA3FA      C8     200       4   .text       
     TCP_SrvTcpEventlistener                 3CA4C2     255     597      32   .text       
     TCP_AnalizeConfigMsg                    3CA717      4C      76       2   .text       
     TCP_SendCfgBuff                         3CA763      71     113       6   .text       
     TCP_ConfigEventlistener                 3CA7D4      61      97       3   .text       
- VARIABLES:
     STRING.TCP_ABORT.Idx...d..I.1             498B      1B      27       1   .rodata1    
     STRING.TCP_CONN.Idx...d..IP.2             49A6      1A      26       1   .rodata1    
     STRING.TCP_CLOSE.Idx...d..I.3             49C0      1B      27       1   .rodata1    
     STRING.TCP_REGENERATE.Idx...4             49DB      20      32       1   .rodata1    
     TcpSockSrv                                33A0      2A      42      67   .common     
     TcpConfigSoch                             33CA       1       1       4   .common     
     TcpConfigState                            33CB       1       1       4   .common     
     TcpWhileFlag                              33CC       1       1       3   .common     
MODULE:                 -- dGPIO.c.o --
- PROCEDURES:
     GIO_AdcRead                             3CA835      2F      47       6   .text       
     GIO_GetTemp                             3CA864      31      49       2   .text       
     GIO_GetAAGInp                           3CA895      4E      78       2   .text       
     GIO_GetInpVal                           3CA8E3      34      52       4   .text       
     GIO_SetOutVal                           3CA917      56      86       6   .text       
     GIO_Init                                3CA96D      29      41       2   .text       
- VARIABLES:
     AAG_4_20_OUT_FACTOR                       41EB       4       4       4   .rodata     
     InputOutputData                           33CD      16      22      23   .common     
MODULE:                 -- dSCIB.c.o --
- PROCEDURES:
     f_SCIBIdleTimeout                         68A9      13      19       2   NON_BANKED  
     SCIB_TransmitBuffer                       68BC      41      65       2   NON_BANKED  
     SCIB_Init                                 68FD      5D      93       2   NON_BANKED  
     SCIB_ReInit                               695A      5A      90       2   NON_BANKED  
     SCI0_isr                                  69B4      F6     246       3   NON_BANKED  
- VARIABLES:
     SCIBProc_IDLE                             41EF       A      10       2   .rodata     
     SCIB_RxByteCount                          33E3       2       2       6   .common     
     SCIB_RxByteIdx                            33E5       1       1       3   .common     
     SCIB_TxByteCount                          33E6       2       2       7   .common     
     SCIB_TmpVar                               33E8       1       1       4   .common     
     m_SCIB_SCISR1                             33E9       1       1       3   .common     
     SCIB_FrameToRx                            33EA       2       2       6   .common     
     SCIB_FrameToTx                            33EC       2       2       6   .common     
     SCIB_RX_FrameTimerID                      33EE       1       1       2   .common     
     SCIB_LastRxByte                           33EF       1       1       2   .common     
     SCIB_TxErrAcc                             33F0       1       1       1   .common     
     SCIB_RxErrAcc                             33F1       1       1       1   .common     
     SCIB_CurrentTxToken                       33F2       1       1       4   .common     
     SCIB_CurrentRxToken                       33F3       1       1       2   .common     
MODULE:                 -- dIIC.c.o --
- PROCEDURES:
     f_IICTimeout                            3CA996       E      14      14   .text       
     IIC_Init                                3CA9A4      9D     157       6   .text       
     IIC_WriteRTCMem                         3CAA41      2A      42      12   .text       
     IIC_ReadRTCMem                          3CAA6B      2A      42       4   .text       
     IIC_RtcGetDateTime                      3CAA95      27      39       6   .text       
     IIC_RtcSetDateTime                      3CAABC      26      38       2   .text       
     IIC_DacSetValues                        3CAAE2      4D      77       4   .text       
     IIC_SendMsg                             3CAB2F      92     146      11   .text       
     IIC_ReceiveMsg                          3CABC1      78     120       4   .text       
     IIC_InitSendMsg                         3CAC39      85     133       6   .text       
     IIC_InitReceiveMsg                      3CACBE      6E     110       2   .text       
     IIC_isr                                   6AAA      90     144       1   NON_BANKED  
- VARIABLES:
     IICProc_IDLE                              41F9       A      10       1   .rodata     
     IIC_TransferState                         33F4       1       1      14   .common     
     TxPacket                                  33F5       A      10      21   .common     
     TxPacketpositionptr                       33FF       2       2       6   .common     
     TxPacketendptr                            3401       2       2       4   .common     
     TxBufferemptyflag                         3403       1       1       4   .common     
     RxPacket                                  3404       A      10      10   .common     
     RxPacketpositionptr                       340E       2       2       8   .common     
     RxPacketendptr                            3410       2       2       5   .common     
     RxBufferfullflag                          3412       1       1       4   .common     
     MasterRxFlag                              3413       1       1       6   .common     
     TxCompleteflag                            3414       1       1       3   .common     
     RxCompleteflag                            3415       1       1       6   .common     
     TxTimerID                                 3416       1       1       5   .common     
     RxTimerID                                 3417       1       1       5   .common     
     CurrentSlave                              3418       1       1       4   .common     
     TxMsgLen                                  3419       1       1       2   .common     
     RxMsgLen                                  341A       1       1       4   .common     
MODULE:                 -- pConfig.c.o --
- PROCEDURES:
     f_ConfigIdleTimeout                     3CAD2C       D      13       2   .text       
     f_ConfigRxCfgFrame                      3CAD39     48D    1165      35   .text       
     CFG_Init                                3CB1C6       1       1       2   .text       
- VARIABLES:
     ConfigProc_IDLE                           4203       F      15       1   .rodata     
     FwVersionData                           3C8000      64     100       4   VERSION_ROM 
     CfgMsgFrame                               341B     108     264      55   .common     
     CfgMsgInfo                                3523      1D      29      45   .common     
MODULE:                 -- dynamic_tools.c.o --
- PROCEDURES:
     LoadValue                               3CB1C7     1B9     441      32   .text       
     SaveValue                               3CB380     12B     299      13   .text       
     StripPlus                               3CB4AB      1C      28       2   .text       
     GetNameValuePair                        3CB4C7      5A      90       4   .text       
     FindTableName                           3CB521      25      37       4   .text       
     Fn2A                                    3CB546      D9     217       2   .text       
     ptrToFloat                              3CB61F     121     289       5   .text       
     SYS_LongToStr                           3CB740      B3     179       3   .text       
- VARIABLES:
     MultTable                                 4212      20      32       6   .rodata     
     STRING...s..s...s..1                      49FB       C      12       1   .rodata1    
     STRING...s..s...s..2                      4A07       C      12       1   .rodata1    
     STRING.0.00.3                             4A13       5       5       1   .rodata1    
     STRING...ld..0.ld.4                       4A18       B      11       1   .rodata1    
     STRING..ld..0.ld.5                        4A23       A      10       1   .rodata1    
     scsWdDataLine                             2600       D      13       1   .data       
     scsSzDataLine                             260D       D      13       1   .data       
     scsXWdDataLine                            261A       D      13       1   .data       
MODULE:                 -- DemoCGI.c.o --
- PROCEDURES:
     DemoAjax                                3CB7F3     20C     524      40   .text       
     LogsAjax                                3CB9FF     2D8     728      20   .text       
- VARIABLES:
     https_ack_page_OK                         4232      64     100       1   .rodata     
     https_ack_page                            4296      1A      26       1   .rodata     
     scsHeader                                 42B0      30      48       2   .rodata     
     scsTrailer                                42E0       A      10       2   .rodata     
     StringFields                              42EA       5       5       1   .rodata     
     AjaxReqFields                             42EF      19      25       1   .rodata     
     LogsReqFields                             4308       F      15       1   .rodata     
     Socket_01                                 4317      28      40       1   .rodata     
     Socket_02                                 433F      28      40       1   .rodata     
     BacNode_01                                4367      1E      30       1   .rodata     
     BacNode_02                                4385      1E      30       1   .rodata     
     BacNode_03                                43A3      1E      30       1   .rodata     
     BacNode_04                                43C1      1E      30       1   .rodata     
     BacNode_05                                43DF      1E      30       1   .rodata     
     BacNode_06                                43FD      1E      30       1   .rodata     
     BacNode_07                                441B      1E      30       1   .rodata     
     BacNode_08                                4439      1E      30       1   .rodata     
     BacNode_09                                4457      1E      30       1   .rodata     
     BacNode_10                                4475      1E      30       1   .rodata     
     StringStatistic                           4493      19      25       1   .rodata     
     StringVersionInfo                         44AC      1E      30       1   .rodata     
     BAC_ConfigData                            44CA      19      25       1   .rodata     
     STRING..1                                 4A2D       1       1       1   .rodata1    
     STRING.TagPolFrec.2                       4A2E       B      11       1   .rodata1    
     STRING.TagPolEnable.3                     4A39       D      13       1   .rodata1    
     STRING.TagResetList.4                     4A46       D      13       1   .rodata1    
     STRING.TagMirrorFrame.5                   4A53       F      15       1   .rodata1    
     STRING..6                                 4A62       1       1       1   .rodata1    
     STRING.LogReadNext.7                      4A63       C      12       1   .rodata1    
     STRING.LogParam.8                         4A6F       9       9       1   .rodata1    
     STRING..9                                 4A78       1       1       1   .rodata1    
     STRING.SKO1_STAT.10                       4A79       A      10       1   .rodata1    
     STRING.SKO1_IP_A.11                       4A83       A      10       1   .rodata1    
     STRING.SKO1_IP_B.12                       4A8D       A      10       1   .rodata1    
     STRING.SKO1_IP_C.13                       4A97       A      10       1   .rodata1    
     STRING.SKO1_IP_D.14                       4AA1       A      10       1   .rodata1    
     STRING.SKO1_PORT.15                       4AAB       A      10       1   .rodata1    
     STRING.SKO1_MSG_RX.16                     4AB5       C      12       1   .rodata1    
     STRING..17                                4AC1       1       1       1   .rodata1    
     STRING.SKO1_STAT.18                       4AC2       A      10       1   .rodata1    
     STRING.SKO1_IP_A.19                       4ACC       A      10       1   .rodata1    
     STRING.SKO1_IP_B.20                       4AD6       A      10       1   .rodata1    
     STRING.SKO1_IP_C.21                       4AE0       A      10       1   .rodata1    
     STRING.SKO1_IP_D.22                       4AEA       A      10       1   .rodata1    
     STRING.SKO1_PORT.23                       4AF4       A      10       1   .rodata1    
     STRING.SKO1_MSG_RX.24                     4AFE       C      12       1   .rodata1    
     STRING..25                                4B0A       1       1       1   .rodata1    
     STRING.BAC_NODE_ADD.26                    4B0B       D      13       1   .rodata1    
     STRING.BAC_OFFSET_INI.27                  4B18       F      15       1   .rodata1    
     STRING.BAC_MODBUS_ADD.28                  4B27       F      15       1   .rodata1    
     STRING.BAC_BANK_SIZE.29                   4B36       E      14       1   .rodata1    
     STRING.BAC_BANK_STAT.30                   4B44       E      14       1   .rodata1    
     STRING..31                                4B52       1       1       1   .rodata1    
     STRING.BAC_NODE_ADD.32                    4B53       D      13       1   .rodata1    
     STRING.BAC_OFFSET_INI.33                  4B60       F      15       1   .rodata1    
     STRING.BAC_MODBUS_ADD.34                  4B6F       F      15       1   .rodata1    
     STRING.BAC_BANK_SIZE.35                   4B7E       E      14       1   .rodata1    
     STRING.BAC_BANK_STAT.36                   4B8C       E      14       1   .rodata1    
     STRING..37                                4B9A       1       1       1   .rodata1    
     STRING.BAC_NODE_ADD.38                    4B9B       D      13       1   .rodata1    
     STRING.BAC_OFFSET_INI.39                  4BA8       F      15       1   .rodata1    
     STRING.BAC_MODBUS_ADD.40                  4BB7       F      15       1   .rodata1    
     STRING.BAC_BANK_SIZE.41                   4BC6       E      14       1   .rodata1    
     STRING.BAC_BANK_STAT.42                   4BD4       E      14       1   .rodata1    
     STRING..43                                4BE2       1       1       1   .rodata1    
     STRING.BAC_NODE_ADD.44                    4BE3       D      13       1   .rodata1    
     STRING.BAC_OFFSET_INI.45                  4BF0       F      15       1   .rodata1    
     STRING.BAC_MODBUS_ADD.46                  4BFF       F      15       1   .rodata1    
     STRING.BAC_BANK_SIZE.47                   4C0E       E      14       1   .rodata1    
     STRING.BAC_BANK_STAT.48                   4C1C       E      14       1   .rodata1    
     STRING..49                                4C2A       1       1       1   .rodata1    
     STRING.BAC_NODE_ADD.50                    4C2B       D      13       1   .rodata1    
     STRING.BAC_OFFSET_INI.51                  4C38       F      15       1   .rodata1    
     STRING.BAC_MODBUS_ADD.52                  4C47       F      15       1   .rodata1    
     STRING.BAC_BANK_SIZE.53                   4C56       E      14       1   .rodata1    
     STRING.BAC_BANK_STAT.54                   4C64       E      14       1   .rodata1    
     STRING..55                                4C72       1       1       1   .rodata1    
     STRING.BAC_NODE_ADD.56                    4C73       D      13       1   .rodata1    
     STRING.BAC_OFFSET_INI.57                  4C80       F      15       1   .rodata1    
     STRING.BAC_MODBUS_ADD.58                  4C8F       F      15       1   .rodata1    
     STRING.BAC_BANK_SIZE.59                   4C9E       E      14       1   .rodata1    
     STRING.BAC_BANK_STAT.60                   4CAC       E      14       1   .rodata1    
     STRING..61                                4CBA       1       1       1   .rodata1    
     STRING.BAC_NODE_ADD.62                    4CBB       D      13       1   .rodata1    
     STRING.BAC_OFFSET_INI.63                  4CC8       F      15       1   .rodata1    
     STRING.BAC_MODBUS_ADD.64                  4CD7       F      15       1   .rodata1    
     STRING.BAC_BANK_SIZE.65                   4CE6       E      14       1   .rodata1    
     STRING.BAC_BANK_STAT.66                   4CF4       E      14       1   .rodata1    
     STRING..67                                4D02       1       1       1   .rodata1    
     STRING.BAC_NODE_ADD.68                    4D03       D      13       1   .rodata1    
     STRING.BAC_OFFSET_INI.69                  4D10       F      15       1   .rodata1    
     STRING.BAC_MODBUS_ADD.70                  4D1F       F      15       1   .rodata1    
     STRING.BAC_BANK_SIZE.71                   4D2E       E      14       1   .rodata1    
     STRING.BAC_BANK_STAT.72                   4D3C       E      14       1   .rodata1    
     STRING..73                                4D4A       1       1       1   .rodata1    
     STRING.BAC_NODE_ADD.74                    4D4B       D      13       1   .rodata1    
     STRING.BAC_OFFSET_INI.75                  4D58       F      15       1   .rodata1    
     STRING.BAC_MODBUS_ADD.76                  4D67       F      15       1   .rodata1    
     STRING.BAC_BANK_SIZE.77                   4D76       E      14       1   .rodata1    
     STRING.BAC_BANK_STAT.78                   4D84       E      14       1   .rodata1    
     STRING..79                                4D92       1       1       1   .rodata1    
     STRING.BAC_NODE_ADD.80                    4D93       D      13       1   .rodata1    
     STRING.BAC_OFFSET_INI.81                  4DA0       F      15       1   .rodata1    
     STRING.BAC_MODBUS_ADD.82                  4DAF       F      15       1   .rodata1    
     STRING.BAC_BANK_SIZE.83                   4DBE       E      14       1   .rodata1    
     STRING.BAC_BANK_STAT.84                   4DCC       E      14       1   .rodata1    
     STRING..85                                4DDA       1       1       1   .rodata1    
     STRING.par_tx_err.86                      4DDB       B      11       1   .rodata1    
     STRING.par_tx_ok.87                       4DE6       A      10       1   .rodata1    
     STRING.par_rx_err.88                      4DF0       B      11       1   .rodata1    
     STRING.par_rx_ok.89                       4DFB       A      10       1   .rodata1    
     STRING..90                                4E05       1       1       1   .rodata1    
     STRING.par_FW_ver.91                      4E06       B      11       1   .rodata1    
     STRING.par_FW_date.92                     4E11       C      12       1   .rodata1    
     STRING.par_FW_time.93                     4E1D       C      12       1   .rodata1    
     STRING.par_HW_ver.94                      4E29       B      11       1   .rodata1    
     STRING.par_HW_serial.95                   4E34       E      14       1   .rodata1    
     STRING..96                                4E42       1       1       1   .rodata1    
     STRING.TagPolFrec.97                      4E43       B      11       1   .rodata1    
     STRING.TagPolEnable.98                    4E4E       D      13       1   .rodata1    
     STRING.TagResetList.99                    4E5B       D      13       1   .rodata1    
     STRING.TagMirrorFrame.100                 4E68       F      15       1   .rodata1    
     STRING..101                               4E77       1       1       1   .rodata1    
     STRING..par_HW_obs..102                   4E78       D      13       1   .rodata1    
     STRING...par_HW_obs...103                 4E85       F      15       1   .rodata1    
     STRING...s..s...s...104                   4E94       D      13       1   .rodata1    
     STRING.LogText.105                        4EA1       8       8       1   .rodata1    
     STRING.ERR..GetBuffer.ERROR.106           4EA9      15      21       1   .rodata1    
     STRING.LogText.107                        4EBE       8       8       1   .rodata1    
     STRING...s..d...s...108                   4EC6       D      13       1   .rodata1    
     STRING.OpCode.109                         4ED3       7       7       1   .rodata1    
     STRING.OpCode.110                         4EDA       7       7       1   .rodata1    
     STRING...s..02x..02x..02x...111           4EE1      2A      42       1   .rodata1    
     STRING.LogDate.112                        4F0B       8       8       1   .rodata1    
     STRING.LogDate.113                        4F13       8       8       1   .rodata1    
     STRING...s..d...s...114                   4F1B       D      13       1   .rodata1    
     STRING.LogId.115                          4F28       6       6       1   .rodata1    
     STRING.LogId.116                          4F2E       6       6       1   .rodata1    
     STRING...s..d...s...117                   4F34       D      13       1   .rodata1    
     STRING.LogParam.118                       4F41       9       9       1   .rodata1    
     STRING.LogParam.119                       4F4A       9       9       1   .rodata1    
     STRING...s..d...s...120                   4F53       D      13       1   .rodata1    
     STRING.OpCode.121                         4F60       7       7       1   .rodata1    
     STRING.OpCode.122                         4F67       7       7       1   .rodata1    
     STRING...s..s...s...123                   4F6E       D      13       1   .rodata1    
     STRING.LogText.124                        4F7B       8       8       1   .rodata1    
     STRING.LogText.125                        4F83       8       8       1   .rodata1    
     STRING...s..s...s...126                   4F8B       D      13       1   .rodata1    
     STRING.LogText.127                        4F98       8       8       1   .rodata1    
     STRING.ERR..ReadLog.ERROR.128             4FA0      13      19       1   .rodata1    
     STRING.LogText.129                        4FB3       8       8       1   .rodata1    
     STRING...s..d...s...130                   4FBB       D      13       1   .rodata1    
     STRING.OpCode.131                         4FC8       7       7       1   .rodata1    
     STRING.OpCode.132                         4FCF       7       7       1   .rodata1    
     STRING...s..s...s...133                   4FD6       D      13       1   .rodata1    
     STRING.LogText.134                        4FE3       8       8       1   .rodata1    
     STRING.LOGS.REWIND.OK.135                 4FEB       F      15       1   .rodata1    
     STRING.LogText.136                        4FFA       8       8       1   .rodata1    
     STRING...s..d...s...137                   5002       D      13       1   .rodata1    
     STRING.OpCode.138                         500F       7       7       1   .rodata1    
     STRING.OpCode.139                         5016       7       7       1   .rodata1    
     STRING...s..s...s...140                   501D       D      13       1   .rodata1    
     STRING.LogText.141                        502A       8       8       1   .rodata1    
     STRING.LOGS.RESET.OK.142                  5032       E      14       1   .rodata1    
     STRING.LogText.143                        5040       8       8       1   .rodata1    
     STRING...s..d...s...144                   5048       D      13       1   .rodata1    
     STRING.OpCode.145                         5055       7       7       1   .rodata1    
     STRING.OpCode.146                         505C       7       7       1   .rodata1    
     STRING...s..s...s...147                   5063       D      13       1   .rodata1    
     STRING.LogText.148                        5070       8       8       1   .rodata1    
     STRING.ERR.FALTA.CtrlFlag.149             5078      13      19       1   .rodata1    
     STRING.LogText.150                        508B       8       8       1   .rodata1    
     TagPolFrec                                3540       2       2       2   .common     
     TagFlags                                  3542       1       1      10   .common     
     LogParam                                  3543       2       2       3   .common     
     sndbuf                                    3545     1C2     450      14   .common     
MODULE:                 -- FileSys.c.o --
- PROCEDURES:
- VARIABLES:
     FAT                                       44E3     26C     620       7   .rodata     
MODULE:                 -- sDebug.c.o --
- PROCEDURES:
     f_DebugsSaveLog                           6B3A       8       8       2   NON_BANKED  
     f_DebugsSaveLogId                         6B42       8       8       2   NON_BANKED  
     f_DebugPeriodic                           6B4A      41      65       2   NON_BANKED  
     f_DebugsSendDbgMsg                        6B8B       1       1       2   NON_BANKED  
     f_DebugsSendDbgPrn                        6B8C       1       1       2   NON_BANKED  
     MON_ResetIfNotConnected                   6B8D       A      10       4   NON_BANKED  
     MON_ResetBoard                            6B97      39      57       8   NON_BANKED  
     DBG_Init                                  6BD0      21      33       2   NON_BANKED  
- VARIABLES:
     DebugProc_IDLE                            474F      1E      30       1   .rodata     
     DebugCntr                                 3707       1       1       1   .common     
     wDebugCheckIntegCounter                   3708       2       2       4   .common     
MODULE:                 -- pModbusTCP.c.o --
- PROCEDURES:
     f_ModbusIdleTimeout                     3CBCD7      3C      60       2   .text       
     f_ModbusRetryTxMsg                      3CBD13      F3     243       2   .text       
     f_ModbusSendDbgMsg                      3CBE06       1       1       2   .text       
     f_ModbusAnalizeMsg                      3D8000     387     903      37   PAGE_3D_189 
     MOD_Init                                3D8387       1       1       2   PAGE_3D_189 
     MOD_AnalizeValChanges                   3D8388       1       1       2   PAGE_3D_189 
- VARIABLES:
     ModbusProc_IDLE                           476D      19      25       1   .rodata     
MODULE:                 -- pBac.c.o --
- PROCEDURES:
     f_BACIdleTimeout                        3D8389      43      67       2   PAGE_3D_189 
     f_BACIdleRxMsgEnd                       3D83CC      DD     221       2   PAGE_3D_189 
     f_BACIdleTxMsgEnd                       3D84A9      30      48       2   PAGE_3D_189 
     f_BACIdleCpyTxMsgEnd                    3D84D9      15      21       2   PAGE_3D_189 
     SeguimosVivos                           3D84EE       D      13       6   PAGE_3D_189 
     NoHayMasBancos                          3D84FB       5       5       2   PAGE_3D_189 
     NoHayMasMemoria                         3D8500       5       5       2   PAGE_3D_189 
     TramaMal                                3D8505      10      16       4   PAGE_3D_189 
     ClearDLEsFromMsg                        3D8515      60      96       2   PAGE_3D_189 
     StoreData                               3D8575     135     309       3   PAGE_3D_189 
     BAC_Init                                3D86AA      B3     179       2   PAGE_3D_189 
     BAC_ReInit                              3D875D      86     134       4   PAGE_3D_189 
     BAC_ResetBanks                          3D87E3      5B      91       4   PAGE_3D_189 
- VARIABLES:
     BACProc_IDLE                              4786      19      25       2   .rodata     
     BAC_BankMemManager                        370A      50      80      73   .common     
     BAC_Diag                                  375A       2       2       5   .common     
     BAC_RxMsgToken                            375C       1       1       4   .common     
     BAC_TxBuff                                375D       3       3       3   .common     
     BAC_EnablePolling                         3760       1       1       4   .common     
     BAC_PollingPeriod                         3761       2       2       8   .common     
     BAC_CtrlFlags                             3763       1       1      25   .common     
     BAC_WaitAnswerTimerId                     3764       1       1       9   .common     
     BAC_PollingTimeout                        3765       2       2       2   .common     
MODULE:                 -- bac_crc.c.o --
- PROCEDURES:
     reflect                                 3D883E      65     101       4   PAGE_3D_189 
     widmask                                 3D88A3      1F      31       2   PAGE_3D_189 
     cm_ini                                  3D88C2       D      13       2   PAGE_3D_189 
     cm_nxt                                  3D88CF      DC     220       2   PAGE_3D_189 
     cm_crc                                  3D89AB      40      64       2   PAGE_3D_189 
     CalcCrc                                 3D89EB      4F      79       2   PAGE_3D_189 
- VARIABLES:
MODULE:                 -- ne64driver.c.o --
- PROCEDURES:
     EtherInit                               3D8A3A      B3     179       2   PAGE_3D_189 
     MIIwrite                                3D8AED      45      69       4   PAGE_3D_189 
     MIIread                                 3D8B32      33      51       8   PAGE_3D_189 
     EtherOpen                               3D8B65      82     130       2   PAGE_3D_189 
     EmacEnable                              3D8BE7       5       5       2   PAGE_3D_189 
     EmacControl                             3D8BEC       4       4       2   PAGE_3D_189 
     EtherType                               3D8BF0       B      11       2   PAGE_3D_189 
     EtherStartFrameTransmission             3D8BFB      31      49       2   PAGE_3D_189 
     UseSWLedRun                             3D8C2C      16      22       2   PAGE_3D_189 
     ephy_isr                                  6BF1      61      97       1   NON_BANKED  
     emac_rx_fc_isr                            6C52       7       7       1   NON_BANKED  
     emac_b_rx_error_isr                       6C59       7       7       1   NON_BANKED  
     emac_rx_error_isr                         6C60       7       7       1   NON_BANKED  
     emac_rx_b_a_o_isr                         6C67       7       7       1   NON_BANKED  
     emac_rx_b_b_o_isr                         6C6E       7       7       1   NON_BANKED  
     emac_rx_b_a_c_isr                         6C75      19      25       1   NON_BANKED  
     emac_rx_b_b_c_isr                         6C8E      19      25       1   NON_BANKED  
     emac_mii_mtc_isr                          6CA7       1       1       1   NON_BANKED  
     emac_lc_isr                               6CA8       7       7       1   NON_BANKED  
     emac_ec_isr                               6CAF       7       7       1   NON_BANKED  
     emac_f_tx_c_isr                           6CB6       B      11       1   NON_BANKED  
- VARIABLES:
     emacFIFOa                                 2000     200     512       1   .abs_section_2000
     emacFIFOb                                 2200     200     512       1   .abs_section_2200
     emacFIFOtx                                2400     200     512       1   .abs_section_2400
     gotlink                                   3767       1       1       4   .common     
MODULE:                 -- ne64api.c.o --
- PROCEDURES:
     NE64InitializeOffsetToReadRxBuffer      3D8C42       C      12      22   PAGE_3D_189 
     NE64ReadByte                            3D8C4E      11      17      68   PAGE_3D_189 
     NE64ReadWord                            3D8C5F       A      10      18   PAGE_3D_189 
     NE64ReadBytes                           3D8C69      1D      29       6   PAGE_3D_189 
     NE64InitializeTransmissionBuffer        3D8C86      1B      27       6   PAGE_3D_189 
     NE64WriteEthernetHeaderToTxBuffer       3D8CA1      46      70       6   PAGE_3D_189 
     NE64StartFrameTransmission              3D8CE7       5       5       6   PAGE_3D_189 
     NE64WriteByte                           3D8CEC      17      23      12   PAGE_3D_189 
     NE64WriteWord                           3D8D03      13      19       8   PAGE_3D_189 
     NE64WriteBytes                          3D8D16      1F      31       2   PAGE_3D_189 
     NE64Receive                             3D8D35      2E      46       4   PAGE_3D_189 
     NE64ValidFrameReception                 3D8D63       F      15       2   PAGE_3D_189 
     NE64FreeReceiveBuffer                   3D8D72      26      38       2   PAGE_3D_189 
- VARIABLES:
     pCurrentMBuf                              262C       2       2       8   .bss        
     pCurrentSendMBuf                          262E       2       2       9   .bss        
     received_frame                            3768      12      18       7   .common     
     send_frame                                377A      12      18      13   .common     
MODULE:                 -- arp.c.o --
- PROCEDURES:
     process_arp                             3D8D98      52      82       2   PAGE_3D_189 
     arp_send_response                       3D8DEA     158     344      13   PAGE_3D_189 
     arp_get_response                        3D8F42      E8     232       4   PAGE_3D_189 
     arp_send_req                            3D902A      C5     197       4   PAGE_3D_189 
     arp_alloc                               3D90EF      8F     143       6   PAGE_3D_189 
     arp_add                                 3D917E      D4     212       5   PAGE_3D_189 
     arp_find                                3D9252     106     262       5   PAGE_3D_189 
     arp_manage                              3D9358      BE     190       2   PAGE_3D_189 
     arp_init                                3D9416      64     100       2   PAGE_3D_189 
     is_subnet                               3D947A      3F      63       4   PAGE_3D_189 
- VARIABLES:
     aenext.1                                  2627       1       1       5   .data       
[...]
 |  |  |  |  |  |  |  |     |  |  
 |  |  |  |  |  |  |  |     |  +- _DSFLOAT             (see above)
 |  |  |  |  |  |  |  |     |  |  
 |  |  |  |  |  |  |  |     |  +- _DSUB               
 |  |  |  |  |  |  |  |     |  |  | 
 |  |  |  |  |  |  |  |     |  |  +- _DADD                (see above)
 |  |  |  |  |  |  |  |     |  |     
 |  |  |  |  |  |  |  |     |  +- _DDIV                (see above)
 |  |  |  |  |  |  |  |     |  |  
 |  |  |  |  |  |  |  |     |  +- ldexp                (see above)
 |  |  |  |  |  |  |  |     |     
 |  |  |  |  |  |  |  |     +- pow_i               
 |  |  |  |  |  |  |  |     |  | 
 |  |  |  |  |  |  |  |     |  +- _COPY                (see above)
 |  |  |  |  |  |  |  |     |  |  
 |  |  |  |  |  |  |  |     |  +- _DDIV                (see above)
 |  |  |  |  |  |  |  |     |  |  
 |  |  |  |  |  |  |  |     |  +- _CASE_CHECKED_BYTE   (see above)
 |  |  |  |  |  |  |  |     |  |  
 |  |  |  |  |  |  |  |     |  +- _DMUL                (see above)
 |  |  |  |  |  |  |  |     |     
 |  |  |  |  |  |  |  |     +- _COPY                (see above)
 |  |  |  |  |  |  |  |        
 |  |  |  |  |  |  |  +- strtol               (see above)
 |  |  |  |  |  |  |     
 |  |  |  |  |  |  +- BAC_ResetBanks       (see above)
 |  |  |  |  |  |  |  
 |  |  |  |  |  |  +- eeprom_write_buffer  (see above)
 |  |  |  |  |  |  |  
 |  |  |  |  |  |  +- BAC_ReInit           (see above)
 |  |  |  |  |  |  |  
 |  |  |  |  |  |  +- strcpy               (see above)
 |  |  |  |  |  |  |  
 |  |  |  |  |  |  +- _CASE_CHECKED_BYTE   (see above)
 |  |  |  |  |  |  |  
 |  |  |  |  |  |  +- strcat              
 |  |  |  |  |  |  |  | 
 |  |  |  |  |  |  |  +- strlen              
 |  |  |  |  |  |  |       
 |  |  |  |  |  |  +- eeprom_read_buffer   (see above)
 |  |  |  |  |  |  |  
 |  |  |  |  |  |  +- LoadValue           
 |  |  |  |  |  |  |  | 
 |  |  |  |  |  |  |  +- SYS_LongToStr       
 |  |  |  |  |  |  |  |  | 
 |  |  |  |  |  |  |  |  +- _LCMP_P              (see above)
 |  |  |  |  |  |  |  |  |  
 |  |  |  |  |  |  |  |  +- _LDIVU               (see above)
 |  |  |  |  |  |  |  |  |  
 |  |  |  |  |  |  |  |  +- _LMUL                (see above)
 |  |  |  |  |  |  |  |     
 |  |  |  |  |  |  |  +- Fn2A                
 |  |  |  |  |  |  |  |  | 
 |  |  |  |  |  |  |  |  +- _FNEG               
 |  |  |  |  |  |  |  |  |    
 |  |  |  |  |  |  |  |  +- _FCMP                (see above)
 |  |  |  |  |  |  |  |  |  
 |  |  |  |  |  |  |  |  +- sprintf             
 |  |  |  |  |  |  |  |  |  | 
 |  |  |  |  |  |  |  |  |  +- deposit_char        
 |  |  |  |  |  |  |  |  |  |    
 |  |  |  |  |  |  |  |  |  +- vprintf             
 |  |  |  |  |  |  |  |  |     | 
 |  |  |  |  |  |  |  |  |     +- _CASE_SEARCH_8_BYTE  (see above)
 |  |  |  |  |  |  |  |  |     |  
 |  |  |  |  |  |  |  |  |     +- toupper              (see above)
 |  |  |  |  |  |  |  |  |     |  
 |  |  |  |  |  |  |  |  |     +- _CASE_DIRECT_BYTE    (see above)
 |  |  |  |  |  |  |  |  |     |  
 |  |  |  |  |  |  |  |  |     +- _CASE_SEARCH_8       (see above)
 |  |  |  |  |  |  |  |  |     |  
 |  |  |  |  |  |  |  |  |     +- _ILSEXT              (see above)
 |  |  |  |  |  |  |  |  |     |  
 |  |  |  |  |  |  |  |  |     +- _LNEG                (see above)
 |  |  |  |  |  |  |  |  |     |  
 |  |  |  |  |  |  |  |  |     +- _DNEG                (see above)
 |  |  |  |  |  |  |  |  |     |  
 |  |  |  |  |  |  |  |  |     +- frexp                (see above)
 |  |  |  |  |  |  |  |  |     |  
 |  |  |  |  |  |  |  |  |     +- Ten                 
 |  |  |  |  |  |  |  |  |     |  | 
 |  |  |  |  |  |  |  |  |     |  +- _DMUL                (see above)
 |  |  |  |  |  |  |  |  |     |  |  
 |  |  |  |  |  |  |  |  |     |  +- _COPY                (see above)
 |  |  |  |  |  |  |  |  |     |  |  
 |  |  |  |  |  |  |  |  |     |  +- _ISHRS              
 |  |  |  |  |  |  |  |  |     |       
 |  |  |  |  |  |  |  |  |     +- _DMUL                (see above)
 |  |  |  |  |  |  |  |  |     |  
 |  |  |  |  |  |  |  |  |     +- _DUTRUNC            
 |  |  |  |  |  |  |  |  |     |  | 
 |  |  |  |  |  |  |  |  |     |  +- _DSTRUNC             (see above)
 |  |  |  |  |  |  |  |  |     |     
 |  |  |  |  |  |  |  |  |     +- _DUFLOAT            
 |  |  |  |  |  |  |  |  |     |  | 
 |  |  |  |  |  |  |  |  |     |  +- UL_PULK              (see above)
 |  |  |  |  |  |  |  |  |     |  |  
 |  |  |  |  |  |  |  |  |     |  +- D_FRLONGK            (see above)
 |  |  |  |  |  |  |  |  |     |  |  
 |  |  |  |  |  |  |  |  |     |  +- D_PSHK_UNARY         (see above)
 |  |  |  |  |  |  |  |  |     |     
 |  |  |  |  |  |  |  |  |     +- _DADD                (see above)
 |  |  |  |  |  |  |  |  |     |  
 |  |  |  |  |  |  |  |  |     +- _DSUB                (see above)
 |  |  |  |  |  |  |  |  |     |  
 |  |  |  |  |  |  |  |  |     +- _DCMP                (see above)
 |  |  |  |  |  |  |  |  |     |  
 |  |  |  |  |  |  |  |  |     +- _LDIVU               (see above)
 |  |  |  |  |  |  |  |  |     |  
 |  |  |  |  |  |  |  |  |     +- _LMODU              
 |  |  |  |  |  |  |  |  |     |  | 
 |  |  |  |  |  |  |  |  |     |  +- _lDivMod             (see above)
 |  |  |  |  |  |  |  |  |     |     
 |  |  |  |  |  |  |  |  |     +- _COPY                (see above)
 |  |  |  |  |  |  |  |  |     |  
 |  |  |  |  |  |  |  |  |     +- _LCMP_P              (see above)
 |  |  |  |  |  |  |  |  |     |  
 |  |  |  |  |  |  |  |  |     +- _out                
 |  |  |  |  |  |  |  |  |          
 |  |  |  |  |  |  |  |  +- _FSFLOAT             (see above)
 |  |  |  |  |  |  |  |  |  
 |  |  |  |  |  |  |  |  +- _FDIV                (see above)
 |  |  |  |  |  |  |  |  |  
 |  |  |  |  |  |  |  |  +- _FADD                (see above)
 |  |  |  |  |  |  |  |  |  
 |  |  |  |  |  |  |  |  +- _FSTRUNC             (see above)
 |  |  |  |  |  |  |  |  |  
 |  |  |  |  |  |  |  |  +- _FMUL                (see above)
 |  |  |  |  |  |  |  |  |  
 |  |  |  |  |  |  |  |  +- _LMODS              
 |  |  |  |  |  |  |  |     | 
 |  |  |  |  |  |  |  |     +- _NEG_P               (see above)
 |  |  |  |  |  |  |  |     |  
 |  |  |  |  |  |  |  |     +- _lDivMod             (see above)
 |  |  |  |  |  |  |  |        
 |  |  |  |  |  |  |  +- sprintf              (see above)
 |  |  |  |  |  |  |     
 |  |  |  |  |  |  +- strlen               (see above)
 |  |  |  |  |  |     
 |  |  |  |  |  +- LogsAjax            
 |  |  |  |  |     | 
 |  |  |  |  |     +- GetNameValuePair     (see above)
 |  |  |  |  |     |  
 |  |  |  |  |     +- FindTableName        (see above)
 |  |  |  |  |     |  
 |  |  |  |  |     +- SaveValue            (see above)
 |  |  |  |  |     |  
 |  |  |  |  |     +- MemGetBuffer         (see above)
 |  |  |  |  |     |  
 |  |  |  |  |     +- sprintf              (see above)
 |  |  |  |  |     |  
 |  |  |  |  |     +- FLA_ReadLog         
 |  |  |  |  |     |  | 
 |  |  |  |  |     |  +- FLA_ReadReg          (see above)
 |  |  |  |  |     |     
 |  |  |  |  |     +- MemFreeBuffer        (see above)
 |  |  |  |  |     |  
 |  |  |  |  |     +- FLA_ResetLogReadCntr
 |  |  |  |  |     |    
 |  |  |  |  |     +- FLA_ResetLogPtr     
 |  |  |  |  |     |  | 
 |  |  |  |  |     |  +- IIC_WriteRTCMem      (see above)
 |  |  |  |  |     |     
 |  |  |  |  |     +- strcat               (see above)
 |  |  |  |  |     |  
 |  |  |  |  |     +- strlen               (see above)
 |  |  |  |  |     |  
 |  |  |  |  |     +- strcpy               (see above)
 |  |  |  |  |        
 |  |  |  |  +- strcmp               (see above)
 |  |  |  |  |  
 |  |  |  |  +- FLA_ReadReg          (see above)
 |  |  |  |  |  
 |  |  |  |  +- strlen               (see above)
 |  |  |  |     
 |  |  |  +- https_loadbuffer    
 |  |  |  |  | 
 |  |  |  |  +- kick_WD              (see above)
 |  |  |  |  |  
 |  |  |  |  +- _ILSEXT              (see above)
 |  |  |  |  |  
 |  |  |  |  +- _LCMP                (see above)
 |  |  |  |  |  
 |  |  |  |  +- FLA_ReadBuff        
 |  |  |  |     | 
 |  |  |  |     +- FLA_ReadBlock       
 |  |  |  |        | 
 |  |  |  |        +- FLA_WaitFree         (see above)
 |  |  |  |        |  
 |  |  |  |        +- _LSHRU              
 |  |  |  |        |    
 |  |  |  |        +- SPI_TransferMsg      (see above)
 |  |  |  |           
 |  |  |  +- tcp_send             (see above)
 |  |  |     
 |  |  +- tcp_getsocket       
 |  |  |  | 
 |  |  |  +- _FPCMP               (see above)
 |  |  |     
 |  |  +- kick_WD              (see above)
 |  |  |  
 |  |  +- tcp_listen          
 |  |     | 
 |  |     +- _FPCMP               (see above)
 |  |        
 |  +- tftps_init          
 |  |  | 
 |  |  +- tftps_eventlistener 
 |  |  |  | 
 |  |  |  +- NE64InitializeOffsetToReadRxBuffer
 |  |  |  |    
 |  |  |  +- _CASE_CHECKED        (see above)
 |  |  |  |  
 |  |  |  +- init_timer           (see above)
 |  |  |  |  
 |  |  |  +- flash_bulk_erase    
 |  |  |  |  | 
 |  |  |  |  +- flash_wre           
 |  |  |  |  |  | 
 |  |  |  |  |  +- flash_spi            (see above)
 |  |  |  |  |     
 |  |  |  |  +- flash_spi            (see above)
 |  |  |  |  |  
 |  |  |  |  +- flash_wait_WIP      
 |  |  |  |     | 
 |  |  |  |     +- flash_spi            (see above)
 |  |  |  |     |  
 |  |  |  |     +- kick_WD              (see above)
 |  |  |  |        
 |  |  |  +- tftp_callback_write 
 |  |  |  |  | 
 |  |  |  |  +- _LINC                (see above)
 |  |  |  |  |  
 |  |  |  |  +- NE64ReadByte         (see above)
 |  |  |  |     
 |  |  |  +- flash_program       
 |  |  |  |  | 
 |  |  |  |  +- flash_wre            (see above)
 |  |  |  |  |  
 |  |  |  |  +- flash_spi            (see above)
 |  |  |  |  |  
 |  |  |  |  +- kick_WD              (see above)
 |  |  |  |  |  
 |  |  |  |  +- _LINC                (see above)
 |  |  |  |  |  
 |  |  |  |  +- flash_wait_WIP       (see above)
 |  |  |  |     
 |  |  |  +- tftps_sendack       
 |  |  |  |  | 
 |  |  |  |  +- udp_send            
 |  |  |  |     | 
 |  |  |  |     +- ip_checksum          (see above)
 |  |  |  |     |  
 |  |  |  |     +- ip_checksum_buf      (see above)
 |  |  |  |     |  
 |  |  |  |     +- process_ip_out       (see above)
 |  |  |  |        
 |  |  |  +- tftps_deletesocket  
 |  |  |  |    
 |  |  |  +- tftps_senderror     
 |  |  |  |  | 
 |  |  |  |  +- udp_send             (see above)
 |  |  |  |     
 |  |  |  +- NE64ReadByte         (see above)
 |  |  |     
 |  |  +- udp_getsocket       
 |  |  |  | 
 |  |  |  +- _FPCMP               (see above)
 |  |  |     
 |  |  +- udp_open            
 |  |  |  | 
 |  |  |  +- udp_getfreeport     
 |  |  |       
 |  |  +- get_timer            (see above)
 |  |     
 |  +- TCP_Init            
 |  |  | 
 |  |  +- TCP_SrvTcpEventlistener
 |  |  |  | 
 |  |  |  +- _CASE_SEARCH_8       (see above)
 |  |  |  |  
 |  |  |  +- MemFreeBuffer        (see above)
 |  |  |  |  
 |  |  |  +- sprintf              (see above)
 |  |  |  |  
 |  |  |  +- PutEventMsg          (see above)
 |  |  |  |  
 |  |  |  +- MemGetBuffer         (see above)
 |  |  |  |  
 |  |  |  +- TCP_AnalizeSrvTcpMsg
 |  |  |  |  | 
 |  |  |  |  +- MemGetBufferPtr      (see above)
 |  |  |  |  |  
 |  |  |  |  +- MemFreeBuffer        (see above)
 |  |  |  |  |  
 |  |  |  |  +- NE64ReadByte         (see above)
 |  |  |  |  |  
 |  |  |  |  +- PutEventMsg          (see above)
 |  |  |  |     
 |  |  |  +- TCP_RetransmitSrvTcpMsg
 |  |  |     | 
 |  |  |     +- tcp_getstate        
 |  |  |     |    
 |  |  |     +- TCP_StopWhileProc   
 |  |  |     |    
 |  |  |     +- TMR_SetTimer         (see above)
 |  |  |     |  
 |  |  |     +- TMR_FreeTimer        (see above)
 |  |  |     |  
 |  |  |     +- MemGetBufferPtr      (see above)
 |  |  |     |  
 |  |  |     +- MemFreeBuffer        (see above)
 |  |  |     |  
 |  |  |     +- tcp_send             (see above)
 |  |  |     |  
 |  |  |     +- tcp_checksend        (see above)
 |  |  |        
 |  |  +- tcp_getsocket        (see above)
 |  |  |  
 |  |  +- tcp_listen           (see above)
 |  |  |  
 |  |  +- TCP_ConfigEventlistener
 |  |     | 
 |  |     +- _CASE_DIRECT_BYTE    (see above)
 |  |     |  
 |  |     +- TCP_AnalizeConfigMsg
 |  |     |  | 
 |  |     |  +- NE64ReadByte         (see above)
 |  |     |  |  
 |  |     |  +- PutEventMsg          (see above)
 |  |     |     
 |  |     +- TCP_SendCfgBuff      (see above)
 |  |        
 |  +- DBG_Init            
 |  |  | 
 |  |  +- TMR_SetTimer         (see above)
 |  |     
 |  +- RTI_Enable          
 |  |    
 |  +- TMR_Wait            
 |  |    
 |  +- MemGetBuffer         (see above)
 |  |  
 |  +- sprintf              (see above)
 |  |  
 |  +- PutEventMsg          (see above)
 |  |  
 |  +- RestoreConfig       
 |  |  | 
 |  |  +- eeprom_write_buffer  (see above)
 |  |  |  
 |  |  +- TMR_Wait             (see above)
 |  |  |  
 |  |  +- MON_ResetBoard       (see above)
 |  |     
 |  +- GetEventMsg         
 |  |    
 |  +- UseSWLedRun         
 |  |    
 |  +- NE64ValidFrameReception
 |  |  | 
 |  |  +- mDEQUEUE            
 |  |     | 
 |  |     +- memcpy               (see above)
 |  |        
 |  +- process_arp         
 |  |  | 
 |  |  +- NE64InitializeOffsetToReadRxBuffer (see above)
 |  |  |  
 |  |  +- NE64ReadByte         (see above)
 |  |  |  
 |  |  +- arp_send_response   
 |  |  |  | 
 |  |  |  +- NE64ReadByte         (see above)
 |  |  |  |  
 |  |  |  +- NE64InitializeTransmissionBuffer (see above)
 |  |  |  |  
 |  |  |  +- NE64WriteEthernetHeaderToTxBuffer (see above)
 |  |  |  |  
 |  |  |  +- NE64StartFrameTransmission (see above)
 |  |  |  |  
 |  |  |  +- arp_add             
 |  |  |  |  | 
 |  |  |  |  +- is_subnet            (see above)
 |  |  |  |  |  
 |  |  |  |  +- arp_alloc            (see above)
 |  |  |  |     
 |  |  |  +- NE64WriteByte        (see above)
 |  |  |     
 |  |  +- arp_get_response    
 |  |     | 
 |  |     +- NE64ReadByte         (see above)
 |  |        
 |  +- process_ip_in       
 |  |  | 
 |  |  +- NE64InitializeOffsetToReadRxBuffer (see above)
 |  |  |  
 |  |  +- NE64ReadWord        
 |  |  |    
 |  |  +- ip_check_cs         
 |  |  |  | 
 |  |  |  +- ip_checksum          (see above)
 |  |  |     
 |  |  +- arp_add              (see above)
 |  |  |  
 |  |  +- NE64ReadByte         (see above)
 |  |     
 |  +- process_icmp_in     
 |  |  | 
 |  |  +- NE64InitializeOffsetToReadRxBuffer (see above)
 |  |  |  
 |  |  +- NE64ReadBytes       
 |  |  |  | 
 |  |  |  +- memcpy               (see above)
 |  |  |     
 |  |  +- ip_checksum_buf      (see above)
 |  |  |  
 |  |  +- NE64ReadByte         (see above)
 |  |  |  
 |  |  +- ip_checksum          (see above)
 |  |  |  
 |  |  +- process_ip_out       (see above)
 |  |     
 |  +- process_udp_in      
 |  |  | 
 |  |  +- NE64InitializeOffsetToReadRxBuffer (see above)
 |  |  |  
 |  |  +- NE64ReadWord         (see above)
 |  |  |  
 |  |  +- ip_checksum          (see above)
 |  |  |  
 |  |  +- NE64ReadByte         (see above)
 |  |     
 |  +- process_tcp_in      
 |  |  | 
 |  |  +- NE64InitializeOffsetToReadRxBuffer (see above)
 |  |  |  
 |  |  +- tcp_check_cs        
 |  |  |  | 
 |  |  |  +- ip_checksum          (see above)
 |  |  |  |  
 |  |  |  +- NE64ReadBytes        (see above)
 |  |  |  |  
 |  |  |  +- ip_checksum_buf      (see above)
 |  |  |  |  
 |  |  |  +- NE64ReadByte         (see above)
 |  |  |     
 |  |  +- NE64ReadByte         (see above)
 |  |  |  
 |  |  +- tcp_mapsocket       
 |  |  |    
 |  |  +- tcp_sendreset       
 |  |  |  | 
 |  |  |  +- _LINC                (see above)
 |  |  |  |  
 |  |  |  +- tcp_sendcontrol     
 |  |  |     | 
 |  |  |     +- kick_WD              (see above)
 |  |  |     |  
 |  |  |     +- process_tcp_out      (see above)
 |  |  |        
 |  |  +- _CASE_CHECKED        (see above)
 |  |  |  
 |  |  +- _LCMP_P              (see above)
 |  |  |  
 |  |  +- tcp_newstate        
 |  |  |  | 
 |  |  |  +- init_timer           (see above)
 |  |  |     
 |  |  +- tcp_initseq         
 |  |  |    
 |  |  +- _LINC                (see above)
 |  |  |  
 |  |  +- tcp_sendcontrol      (see above)
 |  |  |  
 |  |  +- NE64ReadWord         (see above)
 |  |     
 |  +- NE64FreeReceiveBuffer
 |  |    
 |  +- arp_manage          
 |  |  | 
 |  |  +- check_timer         
 |  |  |    
 |  |  +- _LCMP                (see above)
 |  |  |  
 |  |  +- init_timer           (see above)
 |  |  |  
 |  |  +- arp_send_req         (see above)
 |  |     
 |  +- tcp_poll            
 |  |  | 
 |  |  +- _CASE_CHECKED        (see above)
 |  |  |  
 |  |  +- tcp_newstate         (see above)
 |  |  |  
 |  |  +- init_timer           (see above)
 |  |  |  
 |  |  +- _LINC                (see above)
 |  |  |  
 |  |  +- check_timer          (see above)
 |  |  |  
 |  |  +- _LCMP                (see above)
 |  |  |  
 |  |  +- tcp_sendcontrol      (see above)
 |  |     
 |  +- https_run           
 |  |  | 
 |  |  +- kick_WD              (see above)
 |  |  |  
 |  |  +- tcp_getstate         (see above)
 |  |  |  
 |  |  +- tcp_listen           (see above)
 |  |  |  
 |  |  +- tcp_close           
 |  |  |  | 
 |  |  |  +- _LINC                (see above)
 |  |  |  |  
 |  |  |  +- tcp_newstate         (see above)
 |  |  |  |  
 |  |  |  +- tcp_sendcontrol      (see above)
 |  |  |     
 |  |  +- tcp_abort           
 |  |  |  | 
 |  |  |  +- _CASE_DIRECT_BYTE    (see above)
 |  |  |  |  
 |  |  |  +- tcp_sendcontrol      (see above)
 |  |  |  |  
 |  |  |  +- tcp_newstate         (see above)
 |  |  |     
 |  |  +- https_loadbuffer     (see above)
 |  |  |  
 |  |  +- tcp_send             (see above)
 |  |  |  
 |  |  +- https_deletesession  (see above)
 |  |     
 |  +- tftps_run           
 |     | 
 |     +- check_timer          (see above)
 |     |  
 |     +- _LCMP                (see above)
 |     |  
 |     +- tftps_deletesocket   (see above)
 |        
 +- _Startup            
    | 
    +- Init                
       | 
       +- _SET_PAGE           
          | 
          +- _GET_PAGE_REG       
               
 _SeudoVect          
 | 
 +- software_trap       
 |    
 +- emac_ec_isr         
 |    
 +- emac_lc_isr         
 |    
 +- emac_b_rx_error_isr 
 |    
 +- emac_rx_b_b_o_isr   
 |    
 +- emac_rx_b_a_o_isr   
 |    
 +- emac_rx_error_isr   
 |    
 +- emac_mii_mtc_isr    
 |    
 +- emac_rx_fc_isr      
 |    
 +- emac_f_tx_c_isr     
 |    
 +- emac_rx_b_b_c_isr   
 |  | 
 |  +- NE64Receive         
 |     | 
 |     +- mENQUEUE            
 |          
 +- emac_rx_b_a_c_isr   
 |  | 
 |  +- NE64Receive          (see above)
 |     
 +- ephy_isr            
 |  | 
 |  +- MIIread              (see above)
 |     
 +- IIC_isr             
 |    
 +- SCI1_isr            
 |  | 
 |  +- TMR_FreeTimer        (see above)
 |  |  
 |  +- PutEventMsg          (see above)
 |     
 +- SCI0_isr            
 |  | 
 |  +- TMR_SetTimer         (see above)
 |  |  
 |  +- TMR_FreeTimer        (see above)
 |  |  
 |  +- PutEventMsg          (see above)
 |     
 +- tim0_ch7_isr        
 |  | 
 |  +- TMR_Polling         
 |  |  | 
 |  |  +- _FPCMP               (see above)
 |  |  |  
 |  |  +- PutEventMsg          (see above)
 |  |  |  
 |  |  +- TMR_FreeTimer        (see above)
 |  |     
 |  +- SCIA_ReInit          (see above)
 |  |  
 |  +- PutEventMsg          (see above)
 |     
 +- RealTimeInterrupt   
 |  | 
 |  +- decrement_timers    
 |     | 
 |     +- _LDEC                (see above)
 |        
 +- _Startup             (see above)
    
*********************************************************************************************
STATISTIC SECTION
---------------------------------------------------------------------------------------------

ExeFile:
--------
Number of blocks to be downloaded: 9
Total size of all blocks to be downloaded: 43429

